172.22.0.22 - - [21/Oct/2018:02:07:41 +0000] "GET /admin/disaster HTTP/1.1" 304 - "-" "Mozilla/5.0 (Windows NT 10.0; Win64; x64) AppleWebKit/537.36 (KHTML, like Gecko) Chrome/69.0.3497.100 Safari/537.36"
172.22.0.19 - - [21/Oct/2018:02:08:02 +0000] "GET /admin/disaster HTTP/1.1" 304 - "-" "Dalvik/2.1.0 (Linux; U; Android 9; Android SDK built for x86 Build/PPP3.180510.007)"
172.22.0.19 - - [21/Oct/2018:02:09:03 +0000] "GET /disaster HTTP/1.1" 200 20 "-" "Dalvik/2.1.0 (Linux; U; Android 9; Android SDK built for x86 Build/PPP3.180510.007)"
172.22.0.19 - - [21/Oct/2018:02:09:31 +0000] "GET /disaster HTTP/1.1" 304 - "-" "Dalvik/2.1.0 (Linux; U; Android 9; Android SDK built for x86 Build/PPP3.180510.007)"
172.22.0.19 - - [21/Oct/2018:02:09:38 +0000] "GET /disaster HTTP/1.1" 200 16364 "-" "Dalvik/2.1.0 (Linux; U; Android 9; Android SDK built for x86 Build/PPP3.180510.007)"
172.22.0.19 - - [21/Oct/2018:02:10:09 +0000] "GET /disaster HTTP/1.1" 304 - "-" "Dalvik/2.1.0 (Linux; U; Android 9; Android SDK built for x86 Build/PPP3.180510.007)"
172.22.0.19 - - [21/Oct/2018:02:10:20 +0000] "GET /disaster HTTP/1.1" 200 16364 "-" "Mozilla/5.0 (Windows NT 10.0; Win64; x64) AppleWebKit/537.36 (KHTML, like Gecko) Chrome/69.0.3497.100 Safari/537.36"
172.22.0.22 - - [21/Oct/2018:02:10:37 +0000] "GET /disaster HTTP/1.1" 200 16364 "-" "Mozilla/5.0 (Windows NT 10.0; Win64; x64) AppleWebKit/537.36 (KHTML, like Gecko) Chrome/69.0.3497.100 Safari/537.36"
172.22.0.22 - - [21/Oct/2018:02:11:04 +0000] "GET /disaster HTTP/1.1" 200 16356 "-" "Mozilla/5.0 (Windows NT 10.0; Win64; x64) AppleWebKit/537.36 (KHTML, like Gecko) Chrome/69.0.3497.100 Safari/537.36"
172.22.0.19 - - [21/Oct/2018:02:11:34 +0000] "GET /disaster HTTP/1.1" 200 16364 "-" "Mozilla/5.0 (Windows NT 10.0; Win64; x64) AppleWebKit/537.36 (KHTML, like Gecko) Chrome/69.0.3497.100 Safari/537.36"
172.22.0.19 - - [21/Oct/2018:02:11:44 +0000] "GET /disaster HTTP/1.1" 200 16364 "-" "Mozilla/5.0 (Windows NT 10.0; Win64; x64) AppleWebKit/537.36 (KHTML, like Gecko) Chrome/69.0.3497.100 Safari/537.36"
172.22.0.19 - - [21/Oct/2018:02:11:47 +0000] "GET /disaster HTTP/1.1" 200 16364 "-" "Mozilla/5.0 (Windows NT 10.0; Win64; x64) AppleWebKit/537.36 (KHTML, like Gecko) Chrome/69.0.3497.100 Safari/537.36"
172.22.0.19 - - [21/Oct/2018:02:11:57 +0000] "GET /disaster HTTP/1.1" 304 - "-" "Dalvik/2.1.0 (Linux; U; Android 9; Android SDK built for x86 Build/PPP3.180510.007)"
172.22.0.19 - - [21/Oct/2018:02:12:01 +0000] "GET /disaster HTTP/1.1" 304 - "-" "Dalvik/2.1.0 (Linux; U; Android 9; Android SDK built for x86 Build/PPP3.180510.007)"
172.22.0.22 - - [21/Oct/2018:02:13:22 +0000] "GET /admin/item HTTP/1.1" 304 - "-" "Mozilla/5.0 (Windows NT 10.0; Win64; x64) AppleWebKit/537.36 (KHTML, like Gecko) Chrome/69.0.3497.100 Safari/537.36"
172.22.0.37 - - [21/Oct/2018:02:23:05 +0000] "GET /media/uploads/0f64c703b72ce5c2c611549c4ca9ff69.jpeg HTTP/1.1" 404 190 "-" "Mozilla/5.0 (X11; Linux x86_64) AppleWebKit/537.36 (KHTML, like Gecko) Chrome/69.0.3497.92 Safari/537.36"
172.22.0.37 - - [21/Oct/2018:02:23:21 +0000] "GET /uploads/0f64c703b72ce5c2c611549c4ca9ff69.jpeg HTTP/1.1" 404 184 "-" "Mozilla/5.0 (X11; Linux x86_64) AppleWebKit/537.36 (KHTML, like Gecko) Chrome/69.0.3497.92 Safari/537.36"
172.22.0.37 - - [21/Oct/2018:02:26:15 +0000] "GET /media/uploads/0f64c703b72ce5c2c611549c4ca9ff69.jpeg HTTP/1.1" 404 190 "-" "Mozilla/5.0 (X11; Linux x86_64) AppleWebKit/537.36 (KHTML, like Gecko) Chrome/69.0.3497.92 Safari/537.36"
172.22.0.37 - - [21/Oct/2018:02:27:50 +0000] "GET /media/uploads/0f64c703b72ce5c2c611549c4ca9ff69.jpeg HTTP/1.1" 404 190 "-" "Mozilla/5.0 (X11; Linux x86_64) AppleWebKit/537.36 (KHTML, like Gecko) Chrome/69.0.3497.92 Safari/537.36"
172.22.0.37 - - [21/Oct/2018:02:27:52 +0000] "GET /media/uploads/0f64c703b72ce5c2c611549c4ca9ff69.jpeg HTTP/1.1" 404 190 "-" "Mozilla/5.0 (X11; Linux x86_64) AppleWebKit/537.36 (KHTML, like Gecko) Chrome/69.0.3497.92 Safari/537.36"
172.22.0.37 - - [21/Oct/2018:02:28:00 +0000] "GET /uploads/0f64c703b72ce5c2c611549c4ca9ff69.jpeg HTTP/1.1" 404 184 "-" "Mozilla/5.0 (X11; Linux x86_64) AppleWebKit/537.36 (KHTML, like Gecko) Chrome/69.0.3497.92 Safari/537.36"
172.22.0.37 - - [21/Oct/2018:02:28:09 +0000] "GET /0f64c703b72ce5c2c611549c4ca9ff69.jpeg HTTP/1.1" 404 176 "-" "Mozilla/5.0 (X11; Linux x86_64) AppleWebKit/537.36 (KHTML, like Gecko) Chrome/69.0.3497.92 Safari/537.36"
172.22.0.37 - - [21/Oct/2018:02:31:03 +0000] "GET /uploads/ HTTP/1.1" 404 147 "-" "Mozilla/5.0 (X11; Linux x86_64) AppleWebKit/537.36 (KHTML, like Gecko) Chrome/69.0.3497.92 Safari/537.36"
172.22.0.37 - - [21/Oct/2018:02:31:18 +0000] "GET /uploads/0f64c703b72ce5c2c611549c4ca9ff69.jpeg HTTP/1.1" 404 184 "-" "Mozilla/5.0 (X11; Linux x86_64) AppleWebKit/537.36 (KHTML, like Gecko) Chrome/69.0.3497.92 Safari/537.36"
172.22.0.37 - - [21/Oct/2018:02:31:53 +0000] "GET /uploads/0f64c703b72ce5c2c611549c4ca9ff69.jpeg HTTP/1.1" 404 184 "-" "Mozilla/5.0 (X11; Linux x86_64) AppleWebKit/537.36 (KHTML, like Gecko) Chrome/69.0.3497.92 Safari/537.36"
172.22.0.37 - - [21/Oct/2018:02:32:33 +0000] "GET /uploads/3c49a8652502bd81cd3f80fb4db0ddcd.png HTTP/1.1" 404 183 "-" "Mozilla/5.0 (X11; Linux x86_64) AppleWebKit/537.36 (KHTML, like Gecko) Chrome/69.0.3497.92 Safari/537.36"
172.22.0.37 - - [21/Oct/2018:02:32:52 +0000] "GET /media/uploads/3c49a8652502bd81cd3f80fb4db0ddcd.png HTTP/1.1" 404 189 "-" "Mozilla/5.0 (X11; Linux x86_64) AppleWebKit/537.36 (KHTML, like Gecko) Chrome/69.0.3497.92 Safari/537.36"
172.22.0.37 - - [21/Oct/2018:02:33:09 +0000] "GET /uploads/3c49a8652502bd81cd3f80fb4db0ddcd.png HTTP/1.1" 404 183 "-" "Mozilla/5.0 (X11; Linux x86_64) AppleWebKit/537.36 (KHTML, like Gecko) Chrome/69.0.3497.92 Safari/537.36"
172.22.0.37 - - [21/Oct/2018:02:35:05 +0000] "GET /uploads/3c49a8652502bd81cd3f80fb4db0ddcd.png HTTP/1.1" 404 183 "-" "Mozilla/5.0 (X11; Linux x86_64) AppleWebKit/537.36 (KHTML, like Gecko) Chrome/69.0.3497.92 Safari/537.36"
172.22.0.37 - - [21/Oct/2018:02:35:12 +0000] "GET /3c49a8652502bd81cd3f80fb4db0ddcd.png HTTP/1.1" 404 175 "-" "Mozilla/5.0 (X11; Linux x86_64) AppleWebKit/537.36 (KHTML, like Gecko) Chrome/69.0.3497.92 Safari/537.36"
172.22.0.37 - - [21/Oct/2018:02:35:26 +0000] "GET /media/uploads/3c49a8652502bd81cd3f80fb4db0ddcd.png HTTP/1.1" 404 189 "-" "Mozilla/5.0 (X11; Linux x86_64) AppleWebKit/537.36 (KHTML, like Gecko) Chrome/69.0.3497.92 Safari/537.36"
172.22.0.37 - - [21/Oct/2018:02:35:39 +0000] "GET /media/uploads/3c49a8652502bd81cd3f80fb4db0ddcd HTTP/1.1" 404 185 "-" "Mozilla/5.0 (X11; Linux x86_64) AppleWebKit/537.36 (KHTML, like Gecko) Chrome/69.0.3497.92 Safari/537.36"
172.22.0.37 - - [21/Oct/2018:02:35:48 +0000] "GET /uploads/3c49a8652502bd81cd3f80fb4db0ddcd HTTP/1.1" 404 179 "-" "Mozilla/5.0 (X11; Linux x86_64) AppleWebKit/537.36 (KHTML, like Gecko) Chrome/69.0.3497.92 Safari/537.36"
172.22.0.37 - - [21/Oct/2018:02:35:55 +0000] "GET /3c49a8652502bd81cd3f80fb4db0ddcd HTTP/1.1" 200 954846 "-" "Mozilla/5.0 (X11; Linux x86_64) AppleWebKit/537.36 (KHTML, like Gecko) Chrome/69.0.3497.92 Safari/537.36"
172.22.0.22 - - [21/Oct/2018:02:39:38 +0000] "GET /admin/item HTTP/1.1" 304 - "-" "Mozilla/5.0 (Windows NT 10.0; Win64; x64) AppleWebKit/537.36 (KHTML, like Gecko) Chrome/69.0.3497.100 Safari/537.36"
172.22.0.22 - - [21/Oct/2018:02:39:38 +0000] "GET /robots.txt HTTP/1.1" 404 149 "-" "Mozilla/5.0 (Windows NT 10.0; Win64; x64) AppleWebKit/537.36 (KHTML, like Gecko) Chrome/69.0.3497.100 Safari/537.36"
172.22.0.22 - - [21/Oct/2018:02:39:43 +0000] "GET /disaster HTTP/1.1" 200 16364 "-" "Mozilla/5.0 (Windows NT 10.0; Win64; x64) AppleWebKit/537.36 (KHTML, like Gecko) Chrome/69.0.3497.100 Safari/537.36"
172.22.0.37 - - [21/Oct/2018:02:45:32 +0000] "GET /0f64c703b72ce5c2c611549c4ca9ff69.jpeg HTTP/1.1" 200 88051 "-" "Mozilla/5.0 (X11; Linux x86_64) AppleWebKit/537.36 (KHTML, like Gecko) Chrome/69.0.3497.92 Safari/537.36"
172.22.0.37 - - [21/Oct/2018:02:50:05 +0000] "GET /98a1d27e1b09b9ec3c77df6380cc408b HTTP/1.1" 200 212688 "-" "Mozilla/5.0 (X11; Linux x86_64) AppleWebKit/537.36 (KHTML, like Gecko) Chrome/69.0.3497.92 Safari/537.36"
172.22.0.37 - - [21/Oct/2018:02:50:17 +0000] "GET /98a1d27e1b09b9ec3c77df6380cc408b.png HTTP/1.1" 404 175 "-" "Mozilla/5.0 (X11; Linux x86_64) AppleWebKit/537.36 (KHTML, like Gecko) Chrome/69.0.3497.92 Safari/537.36"
172.22.0.22 - - [21/Oct/2018:02:51:55 +0000] "GET /admin/disaster HTTP/1.1" 200 16356 "-" "python-requests/2.19.1"
172.22.0.37 - - [21/Oct/2018:02:52:27 +0000] "POST /gobag?id=1 HTTP/1.1" 200 0 "-" "PostmanRuntime/7.3.0"
172.22.0.22 - - [21/Oct/2018:02:52:38 +0000] "GET /admin/disaster HTTP/1.1" 200 16356 "-" "python-requests/2.19.1"
172.22.0.37 - - [21/Oct/2018:02:52:43 +0000] "POST /gobag HTTP/1.1" 200 0 "-" "PostmanRuntime/7.3.0"
172.22.0.22 - - [21/Oct/2018:02:52:51 +0000] "GET /admin/disaster HTTP/1.1" 200 16356 "-" "python-requests/2.19.1"
172.22.0.22 - - [21/Oct/2018:02:52:55 +0000] "GET /admin/disaster HTTP/1.1" 200 16356 "-" "python-requests/2.19.1"
172.22.0.22 - - [21/Oct/2018:02:53:07 +0000] "GET /admin/disaster HTTP/1.1" 200 16356 "-" "python-requests/2.19.1"
172.22.0.22 - - [21/Oct/2018:02:53:09 +0000] "GET /admin/disaster HTTP/1.1" 200 16356 "-" "python-requests/2.19.1"
172.22.0.37 - - [21/Oct/2018:02:55:18 +0000] "POST /gobag HTTP/1.1" 200 0 "-" "PostmanRuntime/7.3.0"
172.22.0.37 - - [21/Oct/2018:02:55:35 +0000] "POST /gobag HTTP/1.1" 500 2073 "-" "PostmanRuntime/7.3.0"
172.22.0.37 - - [21/Oct/2018:02:56:03 +0000] "POST /gobag HTTP/1.1" 200 0 "-" "PostmanRuntime/7.3.0"
172.22.0.37 - - [21/Oct/2018:02:57:16 +0000] "POST /gobag HTTP/1.1" 200 0 "-" "PostmanRuntime/7.3.0"
172.22.0.37 - - [21/Oct/2018:02:57:49 +0000] "POST /gobag HTTP/1.1" 200 0 "-" "PostmanRuntime/7.3.0"
172.22.0.37 - - [21/Oct/2018:02:58:06 +0000] "POST /gobag HTTP/1.1" 200 3194 "-" "PostmanRuntime/7.3.0"
172.22.0.37 - - [21/Oct/2018:02:58:53 +0000] "POST /gobag HTTP/1.1" 200 0 "-" "PostmanRuntime/7.3.0"
172.22.0.37 - - [21/Oct/2018:02:59:17 +0000] "POST /gobag HTTP/1.1" 200 0 "-" "PostmanRuntime/7.3.0"
172.22.0.37 - - [21/Oct/2018:02:59:48 +0000] "POST /gobag HTTP/1.1" 500 2084 "-" "PostmanRuntime/7.3.0"
172.22.0.37 - - [21/Oct/2018:03:00:52 +0000] "POST /gobag HTTP/1.1" 500 2084 "-" "PostmanRuntime/7.3.0"
172.22.0.37 - - [21/Oct/2018:03:02:02 +0000] "POST /gobag HTTP/1.1" 500 2084 "-" "PostmanRuntime/7.3.0"
172.22.0.19 - - [21/Oct/2018:03:02:28 +0000] "GET /disaster HTTP/1.1" 304 - "-" "Dalvik/2.1.0 (Linux; U; Android 9; Android SDK built for x86 Build/PPP3.180510.007)"
172.22.0.37 - - [21/Oct/2018:03:07:44 +0000] "POST /gobag HTTP/1.1" 500 2084 "-" "PostmanRuntime/7.3.0"
172.22.0.19 - - [21/Oct/2018:03:07:56 +0000] "GET /disaster HTTP/1.1" 304 - "-" "Dalvik/2.1.0 (Linux; U; Android 9; Android SDK built for x86 Build/PPP3.180510.007)"
172.22.0.37 - - [21/Oct/2018:03:08:00 +0000] "POST /gobag/ HTTP/1.1" 500 2084 "-" "PostmanRuntime/7.3.0"
172.22.0.37 - - [21/Oct/2018:03:10:54 +0000] "POST /gobag/ HTTP/1.1" 500 2084 "-" "PostmanRuntime/7.3.0"
172.22.0.37 - - [21/Oct/2018:03:11:02 +0000] "POST /gobag/ HTTP/1.1" 500 2084 "-" "PostmanRuntime/7.3.0"
172.22.0.37 - - [21/Oct/2018:03:15:26 +0000] "POST /gobag/ HTTP/1.1" 500 2084 "-" "PostmanRuntime/7.3.0"
172.22.0.37 - - [21/Oct/2018:03:15:52 +0000] "POST /gobag/ HTTP/1.1" 200 8 "-" "PostmanRuntime/7.3.0"
172.22.0.37 - - [21/Oct/2018:03:17:56 +0000] "POST /gobag/ HTTP/1.1" 200 8 "-" "PostmanRuntime/7.3.0"
172.22.0.37 - - [21/Oct/2018:03:18:06 +0000] "POST /gobag/ HTTP/1.1" 200 3194 "-" "PostmanRuntime/7.3.0"
172.22.0.19 - - [21/Oct/2018:03:21:25 +0000] "GET /disaster HTTP/1.1" 304 - "-" "Dalvik/2.1.0 (Linux; U; Android 9; Android SDK built for x86 Build/PPP3.180510.007)"
172.22.0.19 - - [21/Oct/2018:03:21:30 +0000] "GET /e90d88848f007fe03b7281a767658d51 HTTP/1.1" 200 56583 "-" "okhttp/3.10.0"
172.22.0.37 - - [21/Oct/2018:03:22:18 +0000] "POST /gobag/ HTTP/1.1" 200 3194 "-" "PostmanRuntime/7.3.0"
172.22.0.37 - - [21/Oct/2018:03:22:32 +0000] "POST /gobag/ HTTP/1.1" 200 1007 "-" "PostmanRuntime/7.3.0"
172.22.0.19 - - [21/Oct/2018:03:23:10 +0000] "GET /disaster HTTP/1.1" 304 - "-" "Dalvik/2.1.0 (Linux; U; Android 9; Android SDK built for x86 Build/PPP3.180510.007)"
172.22.0.19 - - [21/Oct/2018:03:23:16 +0000] "GET /e77d0e04d64e7eb8c2d428a473105f00 HTTP/1.1" 200 50628 "-" "okhttp/3.10.0"
172.22.0.19 - - [21/Oct/2018:03:26:34 +0000] "GET /disaster HTTP/1.1" 304 - "-" "Dalvik/2.1.0 (Linux; U; Android 9; Android SDK built for x86 Build/PPP3.180510.007)"
172.22.0.19 - - [21/Oct/2018:03:26:39 +0000] "GET /e77d0e04d64e7eb8c2d428a473105f00 HTTP/1.1" 304 - "-" "okhttp/3.10.0"
172.22.0.19 - - [21/Oct/2018:03:27:12 +0000] "GET /disaster HTTP/1.1" 304 - "-" "Dalvik/2.1.0 (Linux; U; Android 9; Android SDK built for x86 Build/PPP3.180510.007)"
172.22.0.19 - - [21/Oct/2018:03:27:17 +0000] "GET /a3016672e3f6662aedcaca690c19f72c HTTP/1.1" 200 2605817 "-" "okhttp/3.10.0"
172.22.0.19 - - [21/Oct/2018:03:28:06 +0000] "GET /disaster HTTP/1.1" 304 - "-" "Dalvik/2.1.0 (Linux; U; Android 9; Android SDK built for x86 Build/PPP3.180510.007)"
172.22.0.19 - - [21/Oct/2018:03:28:10 +0000] "GET /a3016672e3f6662aedcaca690c19f72c HTTP/1.1" 304 - "-" "okhttp/3.10.0"
172.22.0.19 - - [21/Oct/2018:03:37:48 +0000] "GET /disaster HTTP/1.1" 304 - "-" "Dalvik/2.1.0 (Linux; U; Android 9; Android SDK built for x86 Build/PPP3.180510.007)"
172.22.0.19 - - [21/Oct/2018:03:37:52 +0000] "GET /a3016672e3f6662aedcaca690c19f72c HTTP/1.1" 304 - "-" "okhttp/3.10.0"
172.22.0.37 - - [21/Oct/2018:03:38:08 +0000] "POST /gobag/ HTTP/1.1" 200 1007 "-" "PostmanRuntime/7.3.0"
172.22.0.37 - - [21/Oct/2018:03:38:18 +0000] "POST /gobag/ HTTP/1.1" 400 2 "-" "PostmanRuntime/7.3.0"
172.22.0.37 - - [21/Oct/2018:03:38:28 +0000] "POST /gobag/ HTTP/1.1" 400 2 "-" "PostmanRuntime/7.3.0"
172.22.0.37 - - [21/Oct/2018:03:39:45 +0000] "POST /gobag/ HTTP/1.1" 400 2 "-" "PostmanRuntime/7.3.0"
172.22.0.37 - - [21/Oct/2018:03:40:01 +0000] "POST /gobag/ HTTP/1.1" 500 2 "-" "PostmanRuntime/7.3.0"
172.22.0.37 - - [21/Oct/2018:03:41:55 +0000] "POST /gobag/ HTTP/1.1" 500 2 "-" "PostmanRuntime/7.3.0"
172.22.0.37 - - [21/Oct/2018:03:45:09 +0000] "POST /gobag/ HTTP/1.1" 500 2 "-" "PostmanRuntime/7.3.0"
172.22.0.37 - - [21/Oct/2018:03:45:32 +0000] "POST /gobag/ HTTP/1.1" 500 2 "-" "PostmanRuntime/7.3.0"
172.22.0.37 - - [21/Oct/2018:03:46:41 +0000] "POST /gobag/ HTTP/1.1" 500 2 "-" "PostmanRuntime/7.3.0"
172.22.0.37 - - [21/Oct/2018:03:48:48 +0000] "POST /gobag/ HTTP/1.1" 500 2 "-" "PostmanRuntime/7.3.0"
172.22.0.37 - - [21/Oct/2018:03:49:54 +0000] "POST /gobag/ HTTP/1.1" 500 2 "-" "PostmanRuntime/7.3.0"
172.22.0.37 - - [21/Oct/2018:03:51:11 +0000] "POST /gobag/ HTTP/1.1" 200 16356 "-" "PostmanRuntime/7.3.0"
172.22.0.37 - - [21/Oct/2018:03:52:04 +0000] "POST /gobag/ HTTP/1.1" 200 4245 "-" "PostmanRuntime/7.3.0"
172.22.0.22 - - [21/Oct/2018:03:54:10 +0000] "GET /robots.txt HTTP/1.1" 404 149 "-" "Mozilla/5.0 (Windows NT 10.0; Win64; x64) AppleWebKit/537.36 (KHTML, like Gecko) Chrome/69.0.3497.100 Safari/537.36"
172.22.0.22 - - [21/Oct/2018:03:54:11 +0000] "GET /admin/item HTTP/1.1" 304 - "-" "Mozilla/5.0 (Windows NT 10.0; Win64; x64) AppleWebKit/537.36 (KHTML, like Gecko) Chrome/69.0.3497.100 Safari/537.36"
172.22.0.37 - - [21/Oct/2018:03:56:41 +0000] "POST /gobag/ HTTP/1.1" 200 174 "-" "PostmanRuntime/7.3.0"
172.22.0.37 - - [21/Oct/2018:03:59:41 +0000] "POST /gobag/ HTTP/1.1" 200 61 "-" "PostmanRuntime/7.3.0"
172.22.0.37 - - [21/Oct/2018:04:01:44 +0000] "POST /gobag/ HTTP/1.1" 251 - "-" "PostmanRuntime/7.3.0"
172.22.0.37 - - [21/Oct/2018:04:03:07 +0000] "POST /gobag/ HTTP/1.1" 200 25 "-" "PostmanRuntime/7.3.0"
172.22.0.37 - - [21/Oct/2018:04:10:45 +0000] "POST /gobag/ HTTP/1.1" 200 4269 "-" "PostmanRuntime/7.3.0"
172.22.0.37 - - [21/Oct/2018:04:11:21 +0000] "POST /gobag/ HTTP/1.1" 200 4270 "-" "PostmanRuntime/7.3.0"
