172.22.0.37 - - [20/Oct/2018:15:34:51 +0000] "GET /admin/item HTTP/1.1" 200 833 "-" "PostmanRuntime/7.3.0"
172.22.0.22 - - [20/Oct/2018:15:36:41 +0000] "GET /robots.txt HTTP/1.1" 404 149 "-" "Mozilla/5.0 (Windows NT 10.0; Win64; x64) AppleWebKit/537.36 (KHTML, like Gecko) Chrome/69.0.3497.100 Safari/537.36"
172.22.0.22 - - [20/Oct/2018:15:36:41 +0000] "GET /admin/item HTTP/1.1" 200 833 "-" "Mozilla/5.0 (Windows NT 10.0; Win64; x64) AppleWebKit/537.36 (KHTML, like Gecko) Chrome/69.0.3497.100 Safari/537.36"
172.22.0.22 - - [20/Oct/2018:15:37:16 +0000] "POST /admin/item HTTP/1.1" 200 34 "-" "python-requests/2.19.1"
172.22.0.22 - - [20/Oct/2018:15:38:04 +0000] "GET /admin/item HTTP/1.1" 200 1004 "-" "Mozilla/5.0 (Windows NT 10.0; Win64; x64) AppleWebKit/537.36 (KHTML, like Gecko) Chrome/69.0.3497.100 Safari/537.36"
172.22.0.37 - - [20/Oct/2018:15:39:07 +0000] "GET /admin/item HTTP/1.1" 200 1004 "-" "PostmanRuntime/7.3.0"
172.22.0.37 - - [20/Oct/2018:15:40:02 +0000] "GET /admin/item HTTP/1.1" 200 1004 "-" "PostmanRuntime/7.3.0"
172.22.0.22 - - [20/Oct/2018:15:40:13 +0000] "POST /admin/item HTTP/1.1" 200 34 "-" "python-requests/2.19.1"
172.22.0.22 - - [20/Oct/2018:15:40:53 +0000] "POST /admin/item HTTP/1.1" 200 34 "-" "python-requests/2.19.1"
172.22.0.22 - - [20/Oct/2018:15:45:24 +0000] "POST /admin/item HTTP/1.1" 200 34 "-" "python-requests/2.19.1"
172.22.0.22 - - [20/Oct/2018:15:46:33 +0000] "POST /admin/item HTTP/1.1" 200 34 "-" "python-requests/2.19.1"
172.22.0.22 - - [20/Oct/2018:15:47:57 +0000] "POST /admin/item HTTP/1.1" 200 34 "-" "python-requests/2.19.1"
172.22.0.22 - - [20/Oct/2018:15:54:04 +0000] "POST /admin/item HTTP/1.1" 200 34 "-" "python-requests/2.19.1"
172.22.0.22 - - [20/Oct/2018:16:01:45 +0000] "POST /admin/item HTTP/1.1" 200 34 "-" "python-requests/2.19.1"
172.22.0.22 - - [20/Oct/2018:16:02:18 +0000] "POST /admin/item HTTP/1.1" 200 34 "-" "python-requests/2.19.1"
172.22.0.22 - - [20/Oct/2018:16:03:55 +0000] "POST /admin/item HTTP/1.1" 200 34 "-" "python-requests/2.19.1"
172.22.0.22 - - [20/Oct/2018:16:04:13 +0000] "POST /admin/item HTTP/1.1" 200 34 "-" "python-requests/2.19.1"
172.22.0.22 - - [20/Oct/2018:16:04:58 +0000] "POST /admin/item HTTP/1.1" 200 34 "-" "python-requests/2.19.1"
172.22.0.22 - - [20/Oct/2018:16:05:35 +0000] "POST /admin/item HTTP/1.1" 200 34 "-" "python-requests/2.19.1"
172.22.0.22 - - [20/Oct/2018:16:09:27 +0000] "POST /admin/item HTTP/1.1" 400 11 "-" "python-requests/2.19.1"
172.22.0.22 - - [20/Oct/2018:16:09:58 +0000] "POST /admin/item HTTP/1.1" 400 11 "-" "python-requests/2.19.1"
172.22.0.37 - - [20/Oct/2018:16:10:05 +0000] "POST /admin/item HTTP/1.1" 200 34 "-" "PostmanRuntime/7.3.0"
172.22.0.37 - - [20/Oct/2018:16:10:12 +0000] "POST /admin/item HTTP/1.1" 200 34 "-" "PostmanRuntime/7.3.0"
172.22.0.37 - - [20/Oct/2018:16:10:12 +0000] "POST /admin/item HTTP/1.1" 200 34 "-" "PostmanRuntime/7.3.0"
172.22.0.37 - - [20/Oct/2018:16:10:13 +0000] "POST /admin/item HTTP/1.1" 200 34 "-" "PostmanRuntime/7.3.0"
172.22.0.37 - - [20/Oct/2018:16:10:14 +0000] "POST /admin/item HTTP/1.1" 200 34 "-" "PostmanRuntime/7.3.0"
172.22.0.37 - - [20/Oct/2018:16:10:14 +0000] "POST /admin/item HTTP/1.1" 200 34 "-" "PostmanRuntime/7.3.0"
172.22.0.37 - - [20/Oct/2018:16:10:15 +0000] "POST /admin/item HTTP/1.1" 200 34 "-" "PostmanRuntime/7.3.0"
172.22.0.37 - - [20/Oct/2018:16:10:16 +0000] "POST /admin/item HTTP/1.1" 200 34 "-" "PostmanRuntime/7.3.0"
172.22.0.37 - - [20/Oct/2018:16:10:16 +0000] "POST /admin/item HTTP/1.1" 200 34 "-" "PostmanRuntime/7.3.0"
172.22.0.37 - - [20/Oct/2018:16:10:17 +0000] "POST /admin/item HTTP/1.1" 200 34 "-" "PostmanRuntime/7.3.0"
172.22.0.37 - - [20/Oct/2018:16:10:17 +0000] "POST /admin/item HTTP/1.1" 200 34 "-" "PostmanRuntime/7.3.0"
172.22.0.37 - - [20/Oct/2018:16:10:17 +0000] "POST /admin/item HTTP/1.1" 200 34 "-" "PostmanRuntime/7.3.0"
172.22.0.37 - - [20/Oct/2018:16:10:18 +0000] "POST /admin/item HTTP/1.1" 200 34 "-" "PostmanRuntime/7.3.0"
172.22.0.22 - - [20/Oct/2018:16:21:07 +0000] "POST /admin/item HTTP/1.1" 400 11 "-" "python-requests/2.19.1"
172.22.0.22 - - [20/Oct/2018:16:23:06 +0000] "POST /admin/item HTTP/1.1" 400 11 "-" "python-requests/2.19.1"
172.22.0.22 - - [20/Oct/2018:16:24:04 +0000] "POST /admin/item HTTP/1.1" 400 11 "-" "python-requests/2.19.1"
172.22.0.22 - - [20/Oct/2018:16:25:47 +0000] "POST /admin/item HTTP/1.1" 200 34 "-" "python-requests/2.19.1"
172.22.0.22 - - [20/Oct/2018:16:28:21 +0000] "POST /admin/item HTTP/1.1" 200 34 "-" "python-requests/2.19.1"
172.22.0.22 - - [20/Oct/2018:16:43:30 +0000] "POST /admin/item HTTP/1.1" 200 34 "-" "python-requests/2.19.1"
172.22.0.22 - - [20/Oct/2018:16:45:47 +0000] "POST /admin/item HTTP/1.1" 200 34 "-" "python-requests/2.19.1"
172.22.0.22 - - [20/Oct/2018:16:46:38 +0000] "POST /admin/item HTTP/1.1" 200 34 "-" "python-requests/2.19.1"
172.22.0.22 - - [20/Oct/2018:16:48:34 +0000] "POST /admin/item HTTP/1.1" 200 34 "-" "python-requests/2.19.1"
172.22.0.22 - - [20/Oct/2018:16:49:01 +0000] "GET /robots.txt HTTP/1.1" 404 149 "-" "Mozilla/5.0 (Windows NT 10.0; Win64; x64) AppleWebKit/537.36 (KHTML, like Gecko) Chrome/69.0.3497.100 Safari/537.36"
172.22.0.22 - - [20/Oct/2018:16:49:01 +0000] "GET /admin/item HTTP/1.1" 200 2779 "-" "Mozilla/5.0 (Windows NT 10.0; Win64; x64) AppleWebKit/537.36 (KHTML, like Gecko) Chrome/69.0.3497.100 Safari/537.36"
172.22.0.22 - - [20/Oct/2018:16:53:42 +0000] "GET /admin/item HTTP/1.1" - - "-" "Mozilla/5.0 (Windows NT 10.0; Win64; x64) AppleWebKit/537.36 (KHTML, like Gecko) Chrome/69.0.3497.100 Safari/537.36"
172.22.0.22 - - [20/Oct/2018:16:55:12 +0000] "GET /admin/item HTTP/1.1" - - "-" "Mozilla/5.0 (Windows NT 10.0; Win64; x64) AppleWebKit/537.36 (KHTML, like Gecko) Chrome/69.0.3497.100 Safari/537.36"
172.22.0.22 - - [20/Oct/2018:16:55:15 +0000] "GET /robots.txt HTTP/1.1" 404 149 "-" "Mozilla/5.0 (Windows NT 10.0; Win64; x64) AppleWebKit/537.36 (KHTML, like Gecko) Chrome/69.0.3497.100 Safari/537.36"
172.22.0.37 - - [20/Oct/2018:16:56:01 +0000] "POST /admin/item HTTP/1.1" 200 34 "-" "PostmanRuntime/7.3.0"
172.22.0.37 - - [20/Oct/2018:16:56:16 +0000] "GET /admin/item HTTP/1.1" 200 2921 "-" "PostmanRuntime/7.3.0"
172.22.0.22 - - [20/Oct/2018:16:56:31 +0000] "GET /admin/item HTTP/1.1" - - "-" "Mozilla/5.0 (Windows NT 10.0; Win64; x64) AppleWebKit/537.36 (KHTML, like Gecko) Chrome/69.0.3497.100 Safari/537.36"
172.22.0.22 - - [20/Oct/2018:16:56:31 +0000] "GET /admin/item HTTP/1.1" 200 2921 "-" "Mozilla/5.0 (Windows NT 10.0; Win64; x64) AppleWebKit/537.36 (KHTML, like Gecko) Chrome/69.0.3497.100 Safari/537.36"
172.22.0.22 - - [20/Oct/2018:16:59:01 +0000] "DELETE /admin/item/5bcb5c62b5fbe11818361c90 HTTP/1.1" 200 - "-" "python-requests/2.19.1"
172.22.0.22 - - [20/Oct/2018:16:59:28 +0000] "GET /admin/item HTTP/1.1" 200 2779 "-" "Mozilla/5.0 (Windows NT 10.0; Win64; x64) AppleWebKit/537.36 (KHTML, like Gecko) Chrome/69.0.3497.100 Safari/537.36"
172.22.0.22 - - [20/Oct/2018:17:00:20 +0000] "DELETE /admin/item/5bcb5e21b5fbe11818361c91 HTTP/1.1" 200 - "-" "PostmanRuntime/7.3.0"
172.22.0.22 - - [20/Oct/2018:17:01:41 +0000] "POST /admin/item HTTP/1.1" 200 34 "-" "python-requests/2.19.1"
172.22.0.22 - - [20/Oct/2018:17:02:10 +0000] "DELETE /admin/item/5bcb5f75b5fbe11818361c92 HTTP/1.1" 200 - "-" "python-requests/2.19.1"
172.22.0.22 - - [20/Oct/2018:17:06:43 +0000] "POST /admin/item HTTP/1.1" - - "-" "python-requests/2.19.1"
172.22.0.22 - - [20/Oct/2018:17:07:24 +0000] "GET /robots.txt HTTP/1.1" 404 149 "-" "Mozilla/5.0 (Windows NT 10.0; Win64; x64) AppleWebKit/537.36 (KHTML, like Gecko) Chrome/69.0.3497.100 Safari/537.36"
172.22.0.22 - - [20/Oct/2018:17:09:06 +0000] "POST /admin/item HTTP/1.1" - - "-" "python-requests/2.19.1"
172.22.0.22 - - [20/Oct/2018:17:09:24 +0000] "GET /admin/item HTTP/1.1" - - "-" "Mozilla/5.0 (Windows NT 10.0; Win64; x64) AppleWebKit/537.36 (KHTML, like Gecko) Chrome/69.0.3497.100 Safari/537.36"
172.22.0.37 - - [20/Oct/2018:17:10:07 +0000] "GET /admin/item HTTP/1.1" - - "-" "PostmanRuntime/7.3.0"
172.22.0.37 - - [20/Oct/2018:17:11:03 +0000] "GET /admin/item HTTP/1.1" 200 2925 "-" "PostmanRuntime/7.3.0"
172.22.0.22 - - [20/Oct/2018:17:11:03 +0000] "GET /admin/item HTTP/1.1" 200 2925 "-" "Mozilla/5.0 (Windows NT 10.0; Win64; x64) AppleWebKit/537.36 (KHTML, like Gecko) Chrome/69.0.3497.100 Safari/537.36"
172.22.0.22 - - [20/Oct/2018:17:11:56 +0000] "POST /admin/item HTTP/1.1" 200 34 "-" "python-requests/2.19.1"
172.22.0.22 - - [20/Oct/2018:17:12:11 +0000] "DELETE /admin/item/5bcb61dbb5fbe11818361c95 HTTP/1.1" 200 - "-" "python-requests/2.19.1"
172.22.0.22 - - [20/Oct/2018:17:13:09 +0000] "POST /admin/item HTTP/1.1" 200 34 "-" "python-requests/2.19.1"
172.22.0.22 - - [20/Oct/2018:17:13:28 +0000] "DELETE /admin/item/5bcb6225b5fbe11818361c96 HTTP/1.1" 200 - "-" "python-requests/2.19.1"
172.22.0.22 - - [20/Oct/2018:17:23:42 +0000] "POST /admin/disaster HTTP/1.1" 200 19 "-" "PostmanRuntime/7.3.0"
172.22.0.19 - - [20/Oct/2018:17:52:41 +0000] "GET /admin/item HTTP/1.1" 200 241 "-" "Mozilla/5.0 (Windows NT 10.0; Win64; x64; rv:62.0) Gecko/20100101 Firefox/62.0"
172.22.0.19 - - [20/Oct/2018:17:52:42 +0000] "GET /favicon.ico HTTP/1.1" 404 150 "-" "Mozilla/5.0 (Windows NT 10.0; Win64; x64; rv:62.0) Gecko/20100101 Firefox/62.0"
172.22.0.19 - - [20/Oct/2018:17:52:42 +0000] "GET /favicon.ico HTTP/1.1" 404 150 "-" "Mozilla/5.0 (Windows NT 10.0; Win64; x64; rv:62.0) Gecko/20100101 Firefox/62.0"
172.22.0.72 - - [20/Oct/2018:17:54:37 +0000] "POST /register HTTP/1.1" 500 12 "-" "Dalvik/2.1.0 (Linux; U; Android 6.0.1; Le X526 Build/IIXOSOP5902105271S)"
172.22.0.19 - - [20/Oct/2018:17:54:52 +0000] "GET /admin/item HTTP/1.1" 200 241 "-" "Mozilla/5.0 (Windows NT 10.0; Win64; x64; rv:62.0) Gecko/20100101 Firefox/62.0"
172.22.0.72 - - [20/Oct/2018:17:56:56 +0000] "POST /register HTTP/1.1" 400 - "-" "Dalvik/2.1.0 (Linux; U; Android 6.0.1; Le X526 Build/IIXOSOP5902105271S)"
172.22.0.72 - - [20/Oct/2018:17:59:11 +0000] "POST /register HTTP/1.1" 400 - "-" "Dalvik/2.1.0 (Linux; U; Android 6.0.1; Le X526 Build/IIXOSOP5902105271S)"
172.22.0.72 - - [20/Oct/2018:18:01:55 +0000] "POST /register HTTP/1.1" 400 - "-" "Dalvik/2.1.0 (Linux; U; Android 6.0.1; Le X526 Build/IIXOSOP5902105271S)"
172.22.0.37 - - [20/Oct/2018:18:04:06 +0000] "POST /register HTTP/1.1" 400 - "-" "PostmanRuntime/7.3.0"
172.22.0.37 - - [20/Oct/2018:18:05:56 +0000] "POST /register HTTP/1.1" 400 - "-" "PostmanRuntime/7.3.0"
172.22.0.37 - - [20/Oct/2018:18:07:27 +0000] "POST /register HTTP/1.1" 400 1226 "-" "PostmanRuntime/7.3.0"
172.22.0.37 - - [20/Oct/2018:18:11:24 +0000] "POST /register HTTP/1.1" 400 1226 "-" "PostmanRuntime/7.3.0"
172.22.0.37 - - [20/Oct/2018:18:12:54 +0000] "POST /register HTTP/1.1" 400 1226 "-" "PostmanRuntime/7.3.0"
172.22.0.37 - - [20/Oct/2018:18:13:32 +0000] "POST /register HTTP/1.1" 400 1226 "-" "PostmanRuntime/7.3.0"
172.22.0.37 - - [20/Oct/2018:18:14:07 +0000] "POST /register HTTP/1.1" 400 1226 "-" "PostmanRuntime/7.3.0"
172.22.0.37 - - [20/Oct/2018:18:15:50 +0000] "POST /register HTTP/1.1" 200 82 "-" "PostmanRuntime/7.3.0"
172.22.0.72 - - [20/Oct/2018:18:16:24 +0000] "POST /register HTTP/1.1" - - "-" "Dalvik/2.1.0 (Linux; U; Android 6.0.1; Le X526 Build/IIXOSOP5902105271S)"
172.22.0.72 - - [20/Oct/2018:18:16:29 +0000] "POST /register HTTP/1.1" - - "-" "Dalvik/2.1.0 (Linux; U; Android 6.0.1; Le X526 Build/IIXOSOP5902105271S)"
172.22.0.72 - - [20/Oct/2018:18:16:56 +0000] "POST /register HTTP/1.1" - - "-" "Dalvik/2.1.0 (Linux; U; Android 6.0.1; Le X526 Build/IIXOSOP5902105271S)"
172.22.0.72 - - [20/Oct/2018:18:17:01 +0000] "POST /register HTTP/1.1" - - "-" "Dalvik/2.1.0 (Linux; U; Android 6.0.1; Le X526 Build/IIXOSOP5902105271S)"
172.22.0.37 - - [20/Oct/2018:18:23:17 +0000] "POST /register HTTP/1.1" 200 82 "-" "PostmanRuntime/7.3.0"
172.22.0.37 - - [20/Oct/2018:18:24:06 +0000] "POST /register HTTP/1.1" 400 1226 "-" "PostmanRuntime/7.3.0"
172.22.0.37 - - [20/Oct/2018:18:26:52 +0000] "POST /register HTTP/1.1" 400 1226 "-" "PostmanRuntime/7.3.0"
172.22.0.37 - - [20/Oct/2018:18:28:37 +0000] "POST /register HTTP/1.1" 400 1226 "-" "PostmanRuntime/7.3.0"
172.22.0.37 - - [20/Oct/2018:18:28:53 +0000] "POST /register HTTP/1.1" 400 326 "-" "PostmanRuntime/7.3.0"
172.22.0.37 - - [20/Oct/2018:18:31:05 +0000] "POST /register HTTP/1.1" 400 1226 "-" "PostmanRuntime/7.3.0"
172.22.0.37 - - [20/Oct/2018:18:32:19 +0000] "POST /register HTTP/1.1" 200 73 "-" "PostmanRuntime/7.3.0"
172.22.0.37 - - [20/Oct/2018:18:33:04 +0000] "POST /register HTTP/1.1" 400 1226 "-" "PostmanRuntime/7.3.0"
172.22.0.37 - - [20/Oct/2018:18:33:25 +0000] "POST /register HTTP/1.1" 200 188 "-" "PostmanRuntime/7.3.0"
172.22.0.72 - - [20/Oct/2018:18:35:30 +0000] "POST /register HTTP/1.1" 200 34 "-" "Dalvik/2.1.0 (Linux; U; Android 6.0.1; Le X526 Build/IIXOSOP5902105271S)"
172.22.0.72 - - [20/Oct/2018:18:46:37 +0000] "POST /register HTTP/1.1" 200 34 "-" "Dalvik/2.1.0 (Linux; U; Android 6.0.1; Le X526 Build/IIXOSOP5902105271S)"
172.22.0.72 - - [20/Oct/2018:18:46:50 +0000] "POST /register HTTP/1.1" 400 783 "-" "Dalvik/2.1.0 (Linux; U; Android 6.0.1; Le X526 Build/IIXOSOP5902105271S)"
172.22.0.37 - - [20/Oct/2018:18:51:53 +0000] "POST /login HTTP/1.1" 400 2 "-" "PostmanRuntime/7.3.0"
172.22.0.37 - - [20/Oct/2018:18:52:45 +0000] "POST /login HTTP/1.1" 400 2 "-" "PostmanRuntime/7.3.0"
172.22.0.37 - - [20/Oct/2018:18:53:28 +0000] "POST /login HTTP/1.1" 400 2 "-" "PostmanRuntime/7.3.0"
172.22.0.37 - - [20/Oct/2018:18:54:26 +0000] "POST /login HTTP/1.1" 400 2 "-" "PostmanRuntime/7.3.0"
172.22.0.37 - - [20/Oct/2018:18:54:51 +0000] "POST /login HTTP/1.1" 200 182 "-" "PostmanRuntime/7.3.0"
172.22.0.37 - - [20/Oct/2018:18:55:26 +0000] "POST /login HTTP/1.1" 200 182 "-" "PostmanRuntime/7.3.0"
172.22.0.72 - - [20/Oct/2018:18:55:37 +0000] "POST /login HTTP/1.1" 400 32 "-" "Dalvik/2.1.0 (Linux; U; Android 6.0.1; Le X526 Build/IIXOSOP5902105271S)"
172.22.0.72 - - [20/Oct/2018:18:55:50 +0000] "POST /login HTTP/1.1" 400 32 "-" "Dalvik/2.1.0 (Linux; U; Android 6.0.1; Le X526 Build/IIXOSOP5902105271S)"
172.22.0.37 - - [20/Oct/2018:18:55:59 +0000] "POST /login HTTP/1.1" 400 32 "-" "PostmanRuntime/7.3.0"
172.22.0.37 - - [20/Oct/2018:18:56:47 +0000] "POST /login HTTP/1.1" 200 180 "-" "PostmanRuntime/7.3.0"
172.22.0.37 - - [20/Oct/2018:18:56:55 +0000] "POST /login HTTP/1.1" 200 180 "-" "PostmanRuntime/7.3.0"
172.22.0.72 - - [20/Oct/2018:18:57:50 +0000] "POST /login HTTP/1.1" 200 173 "-" "Dalvik/2.1.0 (Linux; U; Android 6.0.1; Le X526 Build/IIXOSOP5902105271S)"
172.22.0.37 - - [20/Oct/2018:18:58:09 +0000] "POST /login HTTP/1.1" 400 32 "-" "PostmanRuntime/7.3.0"
172.22.0.37 - - [20/Oct/2018:18:58:20 +0000] "POST /login HTTP/1.1" 200 180 "-" "PostmanRuntime/7.3.0"
172.22.0.72 - - [20/Oct/2018:18:58:57 +0000] "POST /login HTTP/1.1" 200 173 "-" "Dalvik/2.1.0 (Linux; U; Android 6.0.1; Le X526 Build/IIXOSOP5902105271S)"
172.22.0.72 - - [20/Oct/2018:19:09:50 +0000] "POST /login HTTP/1.1" 200 173 "-" "Dalvik/2.1.0 (Linux; U; Android 6.0.1; Le X526 Build/IIXOSOP5902105271S)"
172.22.0.72 - - [20/Oct/2018:19:09:55 +0000] "POST /login HTTP/1.1" 200 173 "-" "Dalvik/2.1.0 (Linux; U; Android 6.0.1; Le X526 Build/IIXOSOP5902105271S)"
172.22.0.72 - - [20/Oct/2018:19:09:57 +0000] "POST /login HTTP/1.1" 200 173 "-" "Dalvik/2.1.0 (Linux; U; Android 6.0.1; Le X526 Build/IIXOSOP5902105271S)"
172.22.0.72 - - [20/Oct/2018:19:09:58 +0000] "POST /login HTTP/1.1" 200 173 "-" "Dalvik/2.1.0 (Linux; U; Android 6.0.1; Le X526 Build/IIXOSOP5902105271S)"
172.22.0.72 - - [20/Oct/2018:19:09:59 +0000] "POST /login HTTP/1.1" 200 173 "-" "Dalvik/2.1.0 (Linux; U; Android 6.0.1; Le X526 Build/IIXOSOP5902105271S)"
172.22.0.72 - - [20/Oct/2018:19:10:25 +0000] "POST /login HTTP/1.1" 200 173 "-" "Dalvik/2.1.0 (Linux; U; Android 6.0.1; Le X526 Build/IIXOSOP5902105271S)"
172.22.0.72 - - [20/Oct/2018:19:10:29 +0000] "POST /login HTTP/1.1" 200 173 "-" "Dalvik/2.1.0 (Linux; U; Android 6.0.1; Le X526 Build/IIXOSOP5902105271S)"
172.22.0.72 - - [20/Oct/2018:19:10:33 +0000] "POST /login HTTP/1.1" 400 2 "-" "Dalvik/2.1.0 (Linux; U; Android 6.0.1; Le X526 Build/IIXOSOP5902105271S)"
172.22.0.72 - - [20/Oct/2018:19:10:34 +0000] "POST /login HTTP/1.1" 400 2 "-" "Dalvik/2.1.0 (Linux; U; Android 6.0.1; Le X526 Build/IIXOSOP5902105271S)"
172.22.0.72 - - [20/Oct/2018:19:10:36 +0000] "POST /login HTTP/1.1" 400 2 "-" "Dalvik/2.1.0 (Linux; U; Android 6.0.1; Le X526 Build/IIXOSOP5902105271S)"
172.22.0.72 - - [20/Oct/2018:19:10:39 +0000] "POST /login HTTP/1.1" 200 173 "-" "Dalvik/2.1.0 (Linux; U; Android 6.0.1; Le X526 Build/IIXOSOP5902105271S)"
172.22.0.72 - - [20/Oct/2018:19:11:07 +0000] "POST /login HTTP/1.1" 200 173 "-" "Dalvik/2.1.0 (Linux; U; Android 6.0.1; Le X526 Build/IIXOSOP5902105271S)"
172.22.0.72 - - [20/Oct/2018:19:11:10 +0000] "POST /login HTTP/1.1" 200 173 "-" "Dalvik/2.1.0 (Linux; U; Android 6.0.1; Le X526 Build/IIXOSOP5902105271S)"
172.22.0.72 - - [20/Oct/2018:19:11:14 +0000] "POST /login HTTP/1.1" 200 173 "-" "Dalvik/2.1.0 (Linux; U; Android 6.0.1; Le X526 Build/IIXOSOP5902105271S)"
172.22.0.37 - - [20/Oct/2018:19:12:58 +0000] "POST /admin/loc HTTP/1.1" 500 12 "-" "PostmanRuntime/7.3.0"
172.22.0.22 - - [20/Oct/2018:19:13:22 +0000] "POST /admin/disaster HTTP/1.1" 500 1430 "-" "PostmanRuntime/7.3.0"
172.22.0.22 - - [20/Oct/2018:19:13:31 +0000] "POST /admin/disaster HTTP/1.1" 200 19 "-" "PostmanRuntime/7.3.0"
172.22.0.37 - - [20/Oct/2018:19:18:32 +0000] "POST /admin/loc HTTP/1.1" 500 12 "-" "PostmanRuntime/7.3.0"
172.22.0.37 - - [20/Oct/2018:19:19:48 +0000] "POST /admin/loc HTTP/1.1" 500 12 "-" "PostmanRuntime/7.3.0"
172.22.0.37 - - [20/Oct/2018:19:20:15 +0000] "POST /admin/loc HTTP/1.1" 200 26 "-" "PostmanRuntime/7.3.0"
172.22.0.37 - - [20/Oct/2018:19:23:19 +0000] "POST /admin/loc HTTP/1.1" 200 34 "-" "PostmanRuntime/7.3.0"
172.22.0.72 - - [20/Oct/2018:19:29:37 +0000] "POST /login HTTP/1.1" 200 173 "-" "Dalvik/2.1.0 (Linux; U; Android 6.0.1; Le X526 Build/IIXOSOP5902105271S)"
172.22.0.72 - - [20/Oct/2018:19:29:58 +0000] "POST /register HTTP/1.1" 200 34 "-" "Dalvik/2.1.0 (Linux; U; Android 6.0.1; Le X526 Build/IIXOSOP5902105271S)"
172.22.0.19 - - [20/Oct/2018:19:31:56 +0000] "POST /login HTTP/1.1" 200 173 "-" "Dalvik/2.1.0 (Linux; U; Android 9; Android SDK built for x86 Build/PPP3.180510.007)"
172.22.0.19 - - [20/Oct/2018:19:32:16 +0000] "POST /login HTTP/1.1" 200 173 "-" "Dalvik/2.1.0 (Linux; U; Android 9; Android SDK built for x86 Build/PPP3.180510.007)"
172.22.0.19 - - [20/Oct/2018:19:35:20 +0000] "POST /login HTTP/1.1" 200 173 "-" "Dalvik/2.1.0 (Linux; U; Android 9; Android SDK built for x86 Build/PPP3.180510.007)"
172.22.0.19 - - [20/Oct/2018:19:40:37 +0000] "POST /login HTTP/1.1" 200 173 "-" "Dalvik/2.1.0 (Linux; U; Android 9; Android SDK built for x86 Build/PPP3.180510.007)"
172.22.0.72 - - [20/Oct/2018:19:41:38 +0000] "POST /register HTTP/1.1" 200 34 "-" "Dalvik/2.1.0 (Linux; U; Android 6.0.1; Le X526 Build/IIXOSOP5902105271S)"
172.22.0.72 - - [20/Oct/2018:19:41:48 +0000] "POST /login HTTP/1.1" 200 168 "-" "Dalvik/2.1.0 (Linux; U; Android 6.0.1; Le X526 Build/IIXOSOP5902105271S)"
172.22.0.72 - - [20/Oct/2018:19:41:54 +0000] "POST /login HTTP/1.1" 200 168 "-" "Dalvik/2.1.0 (Linux; U; Android 6.0.1; Le X526 Build/IIXOSOP5902105271S)"
172.22.0.72 - - [20/Oct/2018:19:44:18 +0000] "POST /login HTTP/1.1" 200 168 "-" "Dalvik/2.1.0 (Linux; U; Android 6.0.1; Le X526 Build/IIXOSOP5902105271S)"
172.22.0.19 - - [20/Oct/2018:20:20:57 +0000] "POST /login HTTP/1.1" 200 173 "-" "Dalvik/2.1.0 (Linux; U; Android 9; Android SDK built for x86 Build/PPP3.180510.007)"
172.22.0.19 - - [20/Oct/2018:20:22:08 +0000] "POST /login HTTP/1.1" 200 173 "-" "Dalvik/2.1.0 (Linux; U; Android 9; Android SDK built for x86 Build/PPP3.180510.007)"
172.22.0.19 - - [20/Oct/2018:20:23:19 +0000] "POST /login HTTP/1.1" 200 173 "-" "Dalvik/2.1.0 (Linux; U; Android 9; Android SDK built for x86 Build/PPP3.180510.007)"
172.22.0.19 - - [20/Oct/2018:20:24:56 +0000] "POST /login HTTP/1.1" 200 173 "-" "Dalvik/2.1.0 (Linux; U; Android 9; Android SDK built for x86 Build/PPP3.180510.007)"
172.22.0.19 - - [20/Oct/2018:20:25:54 +0000] "POST /login HTTP/1.1" 200 173 "-" "Dalvik/2.1.0 (Linux; U; Android 9; Android SDK built for x86 Build/PPP3.180510.007)"
172.22.0.19 - - [20/Oct/2018:20:26:59 +0000] "POST /login HTTP/1.1" 200 173 "-" "Dalvik/2.1.0 (Linux; U; Android 9; Android SDK built for x86 Build/PPP3.180510.007)"
172.22.0.19 - - [20/Oct/2018:20:28:01 +0000] "POST /login HTTP/1.1" 200 173 "-" "Dalvik/2.1.0 (Linux; U; Android 9; Android SDK built for x86 Build/PPP3.180510.007)"
172.22.0.37 - - [20/Oct/2018:21:46:43 +0000] "GET /disasterform HTTP/1.1" 500 1802 "-" "Mozilla/5.0 (X11; Linux x86_64) AppleWebKit/537.36 (KHTML, like Gecko) Chrome/69.0.3497.92 Safari/537.36"
172.22.0.37 - - [20/Oct/2018:21:46:44 +0000] "GET /favicon.ico HTTP/1.1" 404 150 "http://172.22.0.37:3000/disasterform" "Mozilla/5.0 (X11; Linux x86_64) AppleWebKit/537.36 (KHTML, like Gecko) Chrome/69.0.3497.92 Safari/537.36"
172.22.0.37 - - [20/Oct/2018:21:49:23 +0000] "GET /disasterform HTTP/1.1" 500 1802 "-" "Mozilla/5.0 (X11; Linux x86_64) AppleWebKit/537.36 (KHTML, like Gecko) Chrome/69.0.3497.92 Safari/537.36"
172.22.0.37 - - [20/Oct/2018:21:51:28 +0000] "GET /disasterform HTTP/1.1" 500 1987 "-" "Mozilla/5.0 (X11; Linux x86_64) AppleWebKit/537.36 (KHTML, like Gecko) Chrome/69.0.3497.92 Safari/537.36"
172.22.0.37 - - [20/Oct/2018:21:51:44 +0000] "GET /disasterform HTTP/1.1" 500 1987 "-" "Mozilla/5.0 (X11; Linux x86_64) AppleWebKit/537.36 (KHTML, like Gecko) Chrome/69.0.3497.92 Safari/537.36"
172.22.0.37 - - [20/Oct/2018:21:51:54 +0000] "GET /disasterform HTTP/1.1" 200 1206 "-" "Mozilla/5.0 (X11; Linux x86_64) AppleWebKit/537.36 (KHTML, like Gecko) Chrome/69.0.3497.92 Safari/537.36"
172.22.0.37 - - [20/Oct/2018:21:52:44 +0000] "GET /disasterform HTTP/1.1" 200 1238 "-" "Mozilla/5.0 (X11; Linux x86_64) AppleWebKit/537.36 (KHTML, like Gecko) Chrome/69.0.3497.92 Safari/537.36"
172.22.0.37 - - [20/Oct/2018:21:54:19 +0000] "GET /disasterform HTTP/1.1" 200 1278 "-" "Mozilla/5.0 (X11; Linux x86_64) AppleWebKit/537.36 (KHTML, like Gecko) Chrome/69.0.3497.92 Safari/537.36"
172.22.0.37 - - [20/Oct/2018:21:56:07 +0000] "GET /admin/item HTTP/1.1" 200 241 "-" "Mozilla/5.0 (X11; Linux x86_64) AppleWebKit/537.36 (KHTML, like Gecko) Chrome/69.0.3497.92 Safari/537.36"
172.22.0.22 - - [20/Oct/2018:21:57:17 +0000] "GET /admin/item HTTP/1.1" 200 241 "-" "Mozilla/5.0 (Windows NT 10.0; Win64; x64) AppleWebKit/537.36 (KHTML, like Gecko) Chrome/69.0.3497.100 Safari/537.36"
172.22.0.22 - - [20/Oct/2018:21:57:17 +0000] "GET /robots.txt HTTP/1.1" 404 149 "-" "Mozilla/5.0 (Windows NT 10.0; Win64; x64) AppleWebKit/537.36 (KHTML, like Gecko) Chrome/69.0.3497.100 Safari/537.36"
172.22.0.22 - - [20/Oct/2018:22:02:36 +0000] "GET /admin/disaster HTTP/1.1" 200 667 "-" "python-requests/2.19.1"
172.22.0.22 - - [20/Oct/2018:22:06:03 +0000] "GET /admin/disaster HTTP/1.1" 200 667 "-" "python-requests/2.19.1"
172.22.0.37 - - [20/Oct/2018:22:07:24 +0000] "GET /admin/item HTTP/1.1" 200 4128 "-" "Mozilla/5.0 (X11; Linux x86_64) AppleWebKit/537.36 (KHTML, like Gecko) Chrome/69.0.3497.92 Safari/537.36"
172.22.0.37 - - [20/Oct/2018:22:09:32 +0000] "POST /admin/disaster HTTP/1.1" 500 1545 "http://172.22.0.37:3000/disasterform" "Mozilla/5.0 (X11; Linux x86_64) AppleWebKit/537.36 (KHTML, like Gecko) Chrome/69.0.3497.92 Safari/537.36"
172.22.0.22 - - [20/Oct/2018:22:10:06 +0000] "GET /admin/disaster HTTP/1.1" 200 667 "-" "python-requests/2.19.1"
172.22.0.22 - - [20/Oct/2018:22:10:12 +0000] "GET /admin/disaster HTTP/1.1" 200 667 "-" "python-requests/2.19.1"
172.22.0.22 - - [20/Oct/2018:22:10:19 +0000] "GET /admin/disaster HTTP/1.1" 200 667 "-" "python-requests/2.19.1"
172.22.0.22 - - [20/Oct/2018:22:11:29 +0000] "GET /admin/disaster HTTP/1.1" 200 667 "-" "python-requests/2.19.1"
172.22.0.37 - - [20/Oct/2018:22:11:50 +0000] "POST /admin/disaster HTTP/1.1" 200 19 "http://172.22.0.37:3000/disasterform" "Mozilla/5.0 (X11; Linux x86_64) AppleWebKit/537.36 (KHTML, like Gecko) Chrome/69.0.3497.92 Safari/537.36"
172.22.0.22 - - [20/Oct/2018:22:12:11 +0000] "GET /admin/disaster HTTP/1.1" 200 667 "-" "Mozilla/5.0 (Windows NT 10.0; Win64; x64) AppleWebKit/537.36 (KHTML, like Gecko) Chrome/69.0.3497.100 Safari/537.36"
172.22.0.37 - - [20/Oct/2018:22:13:54 +0000] "POST /admin/disaster HTTP/1.1" 400 11 "http://172.22.0.37:3000/disasterform" "Mozilla/5.0 (X11; Linux x86_64) AppleWebKit/537.36 (KHTML, like Gecko) Chrome/69.0.3497.92 Safari/537.36"
172.22.0.22 - - [20/Oct/2018:22:15:43 +0000] "GET /admin/disaster HTTP/1.1" 200 667 "-" "python-requests/2.19.1"
172.22.0.37 - - [20/Oct/2018:22:17:36 +0000] "GET /disasterform HTTP/1.1" 200 1379 "-" "Mozilla/5.0 (X11; Linux x86_64) AppleWebKit/537.36 (KHTML, like Gecko) Chrome/69.0.3497.92 Safari/537.36"
172.22.0.22 - - [20/Oct/2018:22:19:19 +0000] "GET /admin/disaster HTTP/1.1" 200 667 "-" "python-requests/2.19.1"
172.22.0.22 - - [20/Oct/2018:22:19:41 +0000] "GET /admin/disaster HTTP/1.1" 200 667 "-" "python-requests/2.19.1"
172.22.0.22 - - [20/Oct/2018:22:19:57 +0000] "GET /admin/disaster HTTP/1.1" 200 667 "-" "python-requests/2.19.1"
172.22.0.22 - - [20/Oct/2018:22:20:42 +0000] "GET /admin/disaster HTTP/1.1" 200 667 "-" "python-requests/2.19.1"
172.22.0.22 - - [20/Oct/2018:22:20:57 +0000] "GET /admin/disaster HTTP/1.1" 200 667 "-" "python-requests/2.19.1"
172.22.0.22 - - [20/Oct/2018:22:21:35 +0000] "GET /admin/disaster HTTP/1.1" 200 667 "-" "python-requests/2.19.1"
172.22.0.22 - - [20/Oct/2018:22:22:32 +0000] "GET /admin/disaster HTTP/1.1" 200 667 "-" "python-requests/2.19.1"
172.22.0.22 - - [20/Oct/2018:22:22:49 +0000] "GET /admin/disaster HTTP/1.1" 200 667 "-" "python-requests/2.19.1"
172.22.0.22 - - [20/Oct/2018:22:23:02 +0000] "GET /admin/disaster HTTP/1.1" 200 667 "-" "python-requests/2.19.1"
172.22.0.22 - - [20/Oct/2018:22:23:34 +0000] "GET /admin/disaster HTTP/1.1" 200 667 "-" "python-requests/2.19.1"
172.22.0.22 - - [20/Oct/2018:22:24:29 +0000] "GET /admin/disaster HTTP/1.1" 200 667 "-" "python-requests/2.19.1"
172.22.0.22 - - [20/Oct/2018:22:25:39 +0000] "GET /admin/disaster HTTP/1.1" 200 667 "-" "python-requests/2.19.1"
172.22.0.37 - - [20/Oct/2018:22:27:57 +0000] "GET /disasterform HTTP/1.1" 200 2793 "-" "Mozilla/5.0 (X11; Linux x86_64) AppleWebKit/537.36 (KHTML, like Gecko) Chrome/69.0.3497.92 Safari/537.36"
172.22.0.22 - - [20/Oct/2018:22:29:07 +0000] "GET /admin/disaster0 HTTP/1.1" 404 154 "-" "Mozilla/5.0 (Windows NT 10.0; Win64; x64) AppleWebKit/537.36 (KHTML, like Gecko) Chrome/69.0.3497.100 Safari/537.36"
172.22.0.22 - - [20/Oct/2018:22:29:07 +0000] "GET /robots.txt HTTP/1.1" 404 149 "-" "Mozilla/5.0 (Windows NT 10.0; Win64; x64) AppleWebKit/537.36 (KHTML, like Gecko) Chrome/69.0.3497.100 Safari/537.36"
172.22.0.37 - - [20/Oct/2018:22:29:09 +0000] "GET /disasterform HTTP/1.1" 200 2897 "-" "Mozilla/5.0 (X11; Linux x86_64) AppleWebKit/537.36 (KHTML, like Gecko) Chrome/69.0.3497.92 Safari/537.36"
172.22.0.37 - - [20/Oct/2018:22:29:52 +0000] "GET /disasterform HTTP/1.1" 200 2894 "-" "Mozilla/5.0 (X11; Linux x86_64) AppleWebKit/537.36 (KHTML, like Gecko) Chrome/69.0.3497.92 Safari/537.36"
172.22.0.37 - - [20/Oct/2018:22:30:11 +0000] "GET /disasterform HTTP/1.1" 304 - "-" "Mozilla/5.0 (X11; Linux x86_64) AppleWebKit/537.36 (KHTML, like Gecko) Chrome/69.0.3497.92 Safari/537.36"
172.22.0.37 - - [20/Oct/2018:22:30:40 +0000] "GET /disasterform HTTP/1.1" 200 2892 "-" "Mozilla/5.0 (X11; Linux x86_64) AppleWebKit/537.36 (KHTML, like Gecko) Chrome/69.0.3497.92 Safari/537.36"
172.22.0.22 - - [20/Oct/2018:22:30:42 +0000] "GET /admin/disaster HTTP/1.1" 200 667 "-" "python-requests/2.19.1"
172.22.0.22 - - [20/Oct/2018:22:30:55 +0000] "GET /admin/disaster HTTP/1.1" 200 667 "-" "python-requests/2.19.1"
172.22.0.37 - - [20/Oct/2018:22:31:55 +0000] "GET /disasterform HTTP/1.1" 200 2903 "-" "Mozilla/5.0 (X11; Linux x86_64) AppleWebKit/537.36 (KHTML, like Gecko) Chrome/69.0.3497.92 Safari/537.36"
172.22.0.37 - - [20/Oct/2018:22:32:17 +0000] "GET /disasterform HTTP/1.1" 200 2901 "-" "Mozilla/5.0 (X11; Linux x86_64) AppleWebKit/537.36 (KHTML, like Gecko) Chrome/69.0.3497.92 Safari/537.36"
172.22.0.37 - - [20/Oct/2018:22:33:09 +0000] "GET /disasterform HTTP/1.1" 200 2974 "-" "Mozilla/5.0 (X11; Linux x86_64) AppleWebKit/537.36 (KHTML, like Gecko) Chrome/69.0.3497.92 Safari/537.36"
172.22.0.37 - - [20/Oct/2018:22:34:51 +0000] "GET /disasterform HTTP/1.1" 200 2905 "-" "Mozilla/5.0 (X11; Linux x86_64) AppleWebKit/537.36 (KHTML, like Gecko) Chrome/69.0.3497.92 Safari/537.36"
172.22.0.22 - - [20/Oct/2018:22:35:50 +0000] "GET /admin/disaster HTTP/1.1" 200 667 "-" "python-requests/2.19.1"
172.22.0.22 - - [20/Oct/2018:22:36:02 +0000] "GET /admin/disaster HTTP/1.1" 200 667 "-" "python-requests/2.19.1"
172.22.0.22 - - [20/Oct/2018:22:36:33 +0000] "GET /admin/disaster HTTP/1.1" 200 667 "-" "python-requests/2.19.1"
172.22.0.22 - - [20/Oct/2018:22:37:26 +0000] "GET /admin/disaster HTTP/1.1" 200 667 "-" "python-requests/2.19.1"
172.22.0.37 - - [20/Oct/2018:22:38:11 +0000] "GET /disasterform HTTP/1.1" 200 2787 "-" "Mozilla/5.0 (X11; Linux x86_64) AppleWebKit/537.36 (KHTML, like Gecko) Chrome/69.0.3497.92 Safari/537.36"
172.22.0.22 - - [20/Oct/2018:22:38:34 +0000] "GET /admin/disaster HTTP/1.1" 200 601 "-" "python-requests/2.19.1"
172.22.0.22 - - [20/Oct/2018:22:38:40 +0000] "GET /admin/disaster HTTP/1.1" 200 601 "-" "python-requests/2.19.1"
172.22.0.22 - - [20/Oct/2018:22:39:04 +0000] "GET /admin/disaster HTTP/1.1" 200 601 "-" "python-requests/2.19.1"
172.22.0.22 - - [20/Oct/2018:22:40:13 +0000] "GET /admin/disaster HTTP/1.1" 200 601 "-" "python-requests/2.19.1"
172.22.0.22 - - [20/Oct/2018:22:41:03 +0000] "GET /admin/disaster HTTP/1.1" 200 601 "-" "python-requests/2.19.1"
172.22.0.16 - - [20/Oct/2018:22:41:18 +0000] "GET /disasterform HTTP/1.1" 200 2787 "-" "Mozilla/5.0 (Windows NT 10.0; Win64; x64) AppleWebKit/537.36 (KHTML, like Gecko) Chrome/69.0.3497.100 Safari/537.36"
172.22.0.16 - - [20/Oct/2018:22:41:23 +0000] "GET /favicon.ico HTTP/1.1" 404 150 "http://172.22.0.37:3000/disasterform" "Mozilla/5.0 (Windows NT 10.0; Win64; x64) AppleWebKit/537.36 (KHTML, like Gecko) Chrome/69.0.3497.100 Safari/537.36"
172.22.0.22 - - [20/Oct/2018:22:41:46 +0000] "GET /admin/disaster HTTP/1.1" 200 601 "-" "Mozilla/5.0 (Windows NT 10.0; Win64; x64) AppleWebKit/537.36 (KHTML, like Gecko) Chrome/69.0.3497.100 Safari/537.36"
172.22.0.16 - - [20/Oct/2018:22:42:04 +0000] "GET /admin/item HTTP/1.1" 200 4128 "-" "Mozilla/5.0 (Windows NT 10.0; Win64; x64) AppleWebKit/537.36 (KHTML, like Gecko) Chrome/69.0.3497.100 Safari/537.36"
172.22.0.22 - - [20/Oct/2018:22:42:04 +0000] "GET /admin/disaster HTTP/1.1" 304 - "-" "Mozilla/5.0 (Windows NT 10.0; Win64; x64) AppleWebKit/537.36 (KHTML, like Gecko) Chrome/69.0.3497.100 Safari/537.36"
172.22.0.16 - - [20/Oct/2018:22:45:03 +0000] "GET /admin/item HTTP/1.1" 304 - "-" "Mozilla/5.0 (Windows NT 10.0; Win64; x64) AppleWebKit/537.36 (KHTML, like Gecko) Chrome/69.0.3497.100 Safari/537.36"
172.22.0.37 - - [20/Oct/2018:22:46:20 +0000] "GET /admin/disaster HTTP/1.1" 200 601 "-" "Mozilla/5.0 (X11; Linux x86_64) AppleWebKit/537.36 (KHTML, like Gecko) Chrome/69.0.3497.92 Safari/537.36"
172.22.0.22 - - [20/Oct/2018:22:54:10 +0000] "GET /admin/disaster HTTP/1.1" 200 601 "-" "python-requests/2.19.1"
172.22.0.22 - - [20/Oct/2018:22:54:30 +0000] "GET /admin/disaster HTTP/1.1" 200 601 "-" "python-requests/2.19.1"
172.22.0.22 - - [20/Oct/2018:22:55:04 +0000] "GET /admin/disaster HTTP/1.1" 200 2 "-" "Mozilla/5.0 (Windows NT 10.0; Win64; x64) AppleWebKit/537.36 (KHTML, like Gecko) Chrome/69.0.3497.100 Safari/537.36"
172.22.0.22 - - [20/Oct/2018:22:55:33 +0000] "GET /admin/disaster HTTP/1.1" 200 2 "-" "python-requests/2.19.1"
172.22.0.22 - - [20/Oct/2018:22:55:35 +0000] "GET /admin/disaster HTTP/1.1" 200 2 "-" "python-requests/2.19.1"
172.22.0.22 - - [20/Oct/2018:22:56:06 +0000] "GET /admin/disaster HTTP/1.1" 200 2 "-" "python-requests/2.19.1"
172.22.0.22 - - [20/Oct/2018:22:56:24 +0000] "GET /admin/disaster HTTP/1.1" 200 2 "-" "python-requests/2.19.1"
172.22.0.22 - - [20/Oct/2018:22:56:40 +0000] "GET /admin/disaster HTTP/1.1" 200 2 "-" "python-requests/2.19.1"
172.22.0.22 - - [20/Oct/2018:22:57:10 +0000] "GET /admin/disaster HTTP/1.1" 200 2 "-" "python-requests/2.19.1"
172.22.0.22 - - [20/Oct/2018:22:57:18 +0000] "GET /admin/disaster HTTP/1.1" 200 2 "-" "python-requests/2.19.1"
172.22.0.22 - - [20/Oct/2018:22:57:20 +0000] "GET /admin/disaster HTTP/1.1" 200 2 "-" "python-requests/2.19.1"
172.22.0.22 - - [20/Oct/2018:22:58:05 +0000] "GET /admin/disaster HTTP/1.1" 200 2 "-" "python-requests/2.19.1"
172.22.0.22 - - [20/Oct/2018:23:01:06 +0000] "GET /admin/disaster HTTP/1.1" 200 2 "-" "python-requests/2.19.1"
172.22.0.22 - - [20/Oct/2018:23:01:13 +0000] "GET /admin/disaster HTTP/1.1" 200 2 "-" "python-requests/2.19.1"
172.22.0.22 - - [20/Oct/2018:23:01:23 +0000] "GET /admin/disaster HTTP/1.1" 200 2 "-" "python-requests/2.19.1"
172.22.0.22 - - [20/Oct/2018:23:01:25 +0000] "GET /admin/disaster HTTP/1.1" 200 2 "-" "python-requests/2.19.1"
172.22.0.22 - - [20/Oct/2018:23:03:33 +0000] "GET /admin/disaster HTTP/1.1" 200 2 "-" "python-requests/2.19.1"
172.22.0.22 - - [20/Oct/2018:23:03:48 +0000] "GET /admin/disaster HTTP/1.1" 200 2 "-" "python-requests/2.19.1"
172.22.0.22 - - [20/Oct/2018:23:03:57 +0000] "GET /admin/disaster HTTP/1.1" 200 2 "-" "python-requests/2.19.1"
172.22.0.22 - - [20/Oct/2018:23:04:06 +0000] "GET /admin/disaster HTTP/1.1" 200 2 "-" "python-requests/2.19.1"
172.22.0.22 - - [20/Oct/2018:23:04:09 +0000] "GET /admin/disaster HTTP/1.1" 200 2 "-" "python-requests/2.19.1"
172.22.0.22 - - [20/Oct/2018:23:04:40 +0000] "GET /admin/disaster HTTP/1.1" 200 2 "-" "python-requests/2.19.1"
172.22.0.22 - - [20/Oct/2018:23:04:56 +0000] "GET /admin/disaster HTTP/1.1" 200 2 "-" "python-requests/2.19.1"
172.22.0.22 - - [20/Oct/2018:23:05:13 +0000] "GET /admin/disaster HTTP/1.1" 304 - "-" "Mozilla/5.0 (Windows NT 10.0; Win64; x64) AppleWebKit/537.36 (KHTML, like Gecko) Chrome/69.0.3497.100 Safari/537.36"
172.22.0.22 - - [20/Oct/2018:23:07:23 +0000] "GET /admin/item HTTP/1.1" 200 4128 "-" "Mozilla/5.0 (Windows NT 10.0; Win64; x64) AppleWebKit/537.36 (KHTML, like Gecko) Chrome/69.0.3497.100 Safari/537.36"
172.22.0.22 - - [20/Oct/2018:23:09:04 +0000] "GET /admin/item HTTP/1.1" 200 4101 "-" "Mozilla/5.0 (Windows NT 10.0; Win64; x64) AppleWebKit/537.36 (KHTML, like Gecko) Chrome/69.0.3497.100 Safari/537.36"
172.22.0.16 - - [20/Oct/2018:23:15:19 +0000] "POST /admin/disaster HTTP/1.1" 400 11 "http://172.22.0.37:3000/disasterform" "Mozilla/5.0 (Windows NT 10.0; Win64; x64) AppleWebKit/537.36 (KHTML, like Gecko) Chrome/69.0.3497.100 Safari/537.36"
172.22.0.16 - - [20/Oct/2018:23:17:22 +0000] "POST /admin/disaster HTTP/1.1" 400 11 "http://172.22.0.37:3000/disasterform" "Mozilla/5.0 (Windows NT 10.0; Win64; x64) AppleWebKit/537.36 (KHTML, like Gecko) Chrome/69.0.3497.100 Safari/537.36"
172.22.0.16 - - [20/Oct/2018:23:19:17 +0000] "POST /admin/disaster HTTP/1.1" 400 11 "http://172.22.0.37:3000/disasterform" "Mozilla/5.0 (Windows NT 10.0; Win64; x64) AppleWebKit/537.36 (KHTML, like Gecko) Chrome/69.0.3497.100 Safari/537.36"
172.22.0.22 - - [20/Oct/2018:23:22:15 +0000] "GET /admin/disaster HTTP/1.1" 200 2629 "-" "Mozilla/5.0 (Windows NT 10.0; Win64; x64) AppleWebKit/537.36 (KHTML, like Gecko) Chrome/69.0.3497.100 Safari/537.36"
172.22.0.22 - - [20/Oct/2018:23:22:39 +0000] "GET /admin/disaster HTTP/1.1" 200 2629 "-" "python-requests/2.19.1"
172.22.0.22 - - [20/Oct/2018:23:22:41 +0000] "GET /admin/disaster HTTP/1.1" 200 2629 "-" "python-requests/2.19.1"
172.22.0.22 - - [20/Oct/2018:23:24:23 +0000] "GET /admin/loc HTTP/1.1" 404 148 "-" "Mozilla/5.0 (Windows NT 10.0; Win64; x64) AppleWebKit/537.36 (KHTML, like Gecko) Chrome/69.0.3497.100 Safari/537.36"
172.22.0.22 - - [20/Oct/2018:23:26:16 +0000] "GET /admin/loc HTTP/1.1" 404 148 "-" "Mozilla/5.0 (Windows NT 10.0; Win64; x64) AppleWebKit/537.36 (KHTML, like Gecko) Chrome/69.0.3497.100 Safari/537.36"
172.22.0.22 - - [20/Oct/2018:23:26:16 +0000] "GET /robots.txt HTTP/1.1" 404 149 "-" "Mozilla/5.0 (Windows NT 10.0; Win64; x64) AppleWebKit/537.36 (KHTML, like Gecko) Chrome/69.0.3497.100 Safari/537.36"
172.22.0.22 - - [20/Oct/2018:23:26:20 +0000] "GET /admin/loc HTTP/1.1" 404 148 "-" "Mozilla/5.0 (Windows NT 10.0; Win64; x64) AppleWebKit/537.36 (KHTML, like Gecko) Chrome/69.0.3497.100 Safari/537.36"
172.22.0.16 - - [20/Oct/2018:23:26:52 +0000] "POST /admin/disaster HTTP/1.1" 200 - "http://172.22.0.37:3000/disasterform" "Mozilla/5.0 (Windows NT 10.0; Win64; x64) AppleWebKit/537.36 (KHTML, like Gecko) Chrome/69.0.3497.100 Safari/537.36"
172.22.0.22 - - [20/Oct/2018:23:26:57 +0000] "GET /admin/item HTTP/1.1" 304 - "-" "Mozilla/5.0 (Windows NT 10.0; Win64; x64) AppleWebKit/537.36 (KHTML, like Gecko) Chrome/69.0.3497.100 Safari/537.36"
172.22.0.22 - - [20/Oct/2018:23:27:02 +0000] "GET /admin/loc HTTP/1.1" 404 148 "-" "Mozilla/5.0 (Windows NT 10.0; Win64; x64) AppleWebKit/537.36 (KHTML, like Gecko) Chrome/69.0.3497.100 Safari/537.36"
172.22.0.22 - - [20/Oct/2018:23:27:08 +0000] "GET /admin/disaster HTTP/1.1" 200 2629 "-" "Mozilla/5.0 (Windows NT 10.0; Win64; x64) AppleWebKit/537.36 (KHTML, like Gecko) Chrome/69.0.3497.100 Safari/537.36"
172.22.0.22 - - [20/Oct/2018:23:27:19 +0000] "GET /admin/item HTTP/1.1" 304 - "-" "Mozilla/5.0 (Windows NT 10.0; Win64; x64) AppleWebKit/537.36 (KHTML, like Gecko) Chrome/69.0.3497.100 Safari/537.36"
172.22.0.22 - - [20/Oct/2018:23:28:16 +0000] "GET /admin/disaster HTTP/1.1" 304 - "-" "Mozilla/5.0 (Windows NT 10.0; Win64; x64) AppleWebKit/537.36 (KHTML, like Gecko) Chrome/69.0.3497.100 Safari/537.36"
172.22.0.16 - - [20/Oct/2018:23:29:12 +0000] "POST /admin/disaster HTTP/1.1" 200 - "http://172.22.0.37:3000/disasterform" "Mozilla/5.0 (Windows NT 10.0; Win64; x64) AppleWebKit/537.36 (KHTML, like Gecko) Chrome/69.0.3497.100 Safari/537.36"
172.22.0.22 - - [20/Oct/2018:23:29:32 +0000] "GET /admin/disaster HTTP/1.1" 200 2630 "-" "Mozilla/5.0 (Windows NT 10.0; Win64; x64) AppleWebKit/537.36 (KHTML, like Gecko) Chrome/69.0.3497.100 Safari/537.36"
172.22.0.22 - - [20/Oct/2018:23:31:58 +0000] "GET /admin/disaster HTTP/1.1" 304 - "-" "Mozilla/5.0 (Windows NT 10.0; Win64; x64) AppleWebKit/537.36 (KHTML, like Gecko) Chrome/69.0.3497.100 Safari/537.36"
172.22.0.22 - - [20/Oct/2018:23:32:07 +0000] "GET /admin/item HTTP/1.1" 304 - "-" "Mozilla/5.0 (Windows NT 10.0; Win64; x64) AppleWebKit/537.36 (KHTML, like Gecko) Chrome/69.0.3497.100 Safari/537.36"
172.22.0.22 - - [20/Oct/2018:23:32:47 +0000] "GET /admin/disaster HTTP/1.1" 200 2630 "-" "python-requests/2.19.1"
172.22.0.22 - - [20/Oct/2018:23:33:47 +0000] "GET /admin/disaster HTTP/1.1" 200 2630 "-" "python-requests/2.19.1"
172.22.0.22 - - [20/Oct/2018:23:34:40 +0000] "GET /admin/item HTTP/1.1" 200 4101 "-" "python-requests/2.19.1"
172.22.0.22 - - [20/Oct/2018:23:34:40 +0000] "GET /admin/disaster HTTP/1.1" 200 2630 "-" "python-requests/2.19.1"
172.22.0.22 - - [20/Oct/2018:23:35:07 +0000] "GET /admin/item HTTP/1.1" 200 4101 "-" "python-requests/2.19.1"
172.22.0.22 - - [20/Oct/2018:23:35:35 +0000] "GET /admin/item HTTP/1.1" 200 4101 "-" "python-requests/2.19.1"
172.22.0.22 - - [20/Oct/2018:23:36:52 +0000] "GET /admin/item HTTP/1.1" 200 4101 "-" "python-requests/2.19.1"
172.22.0.22 - - [20/Oct/2018:23:37:00 +0000] "GET /admin/item HTTP/1.1" 200 4101 "-" "python-requests/2.19.1"
172.22.0.22 - - [20/Oct/2018:23:37:04 +0000] "GET /admin/item HTTP/1.1" 304 - "-" "Mozilla/5.0 (Windows NT 10.0; Win64; x64) AppleWebKit/537.36 (KHTML, like Gecko) Chrome/69.0.3497.100 Safari/537.36"
172.22.0.37 - - [20/Oct/2018:23:39:56 +0000] "GET /disasterform HTTP/1.1" 200 2969 "-" "Mozilla/5.0 (X11; Linux x86_64) AppleWebKit/537.36 (KHTML, like Gecko) Chrome/69.0.3497.92 Safari/537.36"
172.22.0.37 - - [20/Oct/2018:23:41:05 +0000] "GET /disasterform HTTP/1.1" 200 2979 "-" "Mozilla/5.0 (X11; Linux x86_64) AppleWebKit/537.36 (KHTML, like Gecko) Chrome/69.0.3497.92 Safari/537.36"
172.22.0.22 - - [20/Oct/2018:23:41:49 +0000] "GET /admin/item HTTP/1.1" 200 4101 "-" "python-requests/2.19.1"
172.22.0.22 - - [20/Oct/2018:23:42:18 +0000] "GET /admin/item HTTP/1.1" 200 4101 "-" "python-requests/2.19.1"
172.22.0.22 - - [20/Oct/2018:23:42:33 +0000] "GET /admin/item HTTP/1.1" 200 4101 "-" "python-requests/2.19.1"
172.22.0.22 - - [20/Oct/2018:23:43:25 +0000] "GET /admin/item HTTP/1.1" 200 4101 "-" "python-requests/2.19.1"
172.22.0.22 - - [20/Oct/2018:23:43:28 +0000] "GET /admin/item HTTP/1.1" 200 4101 "-" "python-requests/2.19.1"
172.22.0.22 - - [20/Oct/2018:23:43:43 +0000] "GET /admin/item HTTP/1.1" 200 4101 "-" "python-requests/2.19.1"
172.22.0.22 - - [20/Oct/2018:23:43:43 +0000] "POST /admin/item HTTP/1.1" 200 34 "-" "python-requests/2.19.1"
172.22.0.22 - - [20/Oct/2018:23:43:43 +0000] "POST /admin/item HTTP/1.1" 200 34 "-" "python-requests/2.19.1"
172.22.0.22 - - [20/Oct/2018:23:43:44 +0000] "POST /admin/item HTTP/1.1" 200 34 "-" "python-requests/2.19.1"
172.22.0.22 - - [20/Oct/2018:23:43:44 +0000] "POST /admin/item HTTP/1.1" 200 34 "-" "python-requests/2.19.1"
172.22.0.22 - - [20/Oct/2018:23:43:45 +0000] "POST /admin/item HTTP/1.1" 200 34 "-" "python-requests/2.19.1"
172.22.0.22 - - [20/Oct/2018:23:43:45 +0000] "POST /admin/item HTTP/1.1" 200 34 "-" "python-requests/2.19.1"
172.22.0.22 - - [20/Oct/2018:23:43:45 +0000] "POST /admin/item HTTP/1.1" 200 34 "-" "python-requests/2.19.1"
172.22.0.22 - - [20/Oct/2018:23:43:46 +0000] "POST /admin/item HTTP/1.1" 200 34 "-" "python-requests/2.19.1"
172.22.0.22 - - [20/Oct/2018:23:43:51 +0000] "GET /admin/item HTTP/1.1" 200 5940 "-" "python-requests/2.19.1"
172.22.0.22 - - [20/Oct/2018:23:43:51 +0000] "POST /admin/item HTTP/1.1" 200 34 "-" "python-requests/2.19.1"
172.22.0.22 - - [20/Oct/2018:23:43:51 +0000] "POST /admin/item HTTP/1.1" 200 34 "-" "python-requests/2.19.1"
172.22.0.22 - - [20/Oct/2018:23:43:51 +0000] "POST /admin/item HTTP/1.1" 200 34 "-" "python-requests/2.19.1"
172.22.0.22 - - [20/Oct/2018:23:43:52 +0000] "POST /admin/item HTTP/1.1" 200 34 "-" "python-requests/2.19.1"
172.22.0.22 - - [20/Oct/2018:23:43:52 +0000] "POST /admin/item HTTP/1.1" 200 34 "-" "python-requests/2.19.1"
172.22.0.22 - - [20/Oct/2018:23:43:52 +0000] "POST /admin/item HTTP/1.1" 200 34 "-" "python-requests/2.19.1"
172.22.0.22 - - [20/Oct/2018:23:43:53 +0000] "POST /admin/item HTTP/1.1" 200 34 "-" "python-requests/2.19.1"
172.22.0.22 - - [20/Oct/2018:23:43:53 +0000] "POST /admin/item HTTP/1.1" 200 34 "-" "python-requests/2.19.1"
172.22.0.22 - - [20/Oct/2018:23:43:53 +0000] "POST /admin/item HTTP/1.1" 200 34 "-" "python-requests/2.19.1"
172.22.0.22 - - [20/Oct/2018:23:43:54 +0000] "POST /admin/item HTTP/1.1" 200 34 "-" "python-requests/2.19.1"
172.22.0.22 - - [20/Oct/2018:23:43:54 +0000] "POST /admin/item HTTP/1.1" 200 34 "-" "python-requests/2.19.1"
172.22.0.22 - - [20/Oct/2018:23:43:54 +0000] "POST /admin/item HTTP/1.1" 200 34 "-" "python-requests/2.19.1"
172.22.0.22 - - [20/Oct/2018:23:43:55 +0000] "POST /admin/item HTTP/1.1" 200 34 "-" "python-requests/2.19.1"
172.22.0.22 - - [20/Oct/2018:23:43:55 +0000] "POST /admin/item HTTP/1.1" 200 34 "-" "python-requests/2.19.1"
172.22.0.22 - - [20/Oct/2018:23:43:55 +0000] "POST /admin/item HTTP/1.1" 200 34 "-" "python-requests/2.19.1"
172.22.0.22 - - [20/Oct/2018:23:43:56 +0000] "POST /admin/item HTTP/1.1" 200 34 "-" "python-requests/2.19.1"
172.22.0.22 - - [20/Oct/2018:23:43:56 +0000] "POST /admin/item HTTP/1.1" 200 34 "-" "python-requests/2.19.1"
172.22.0.22 - - [20/Oct/2018:23:43:57 +0000] "POST /admin/item HTTP/1.1" 200 34 "-" "python-requests/2.19.1"
172.22.0.22 - - [20/Oct/2018:23:43:57 +0000] "POST /admin/item HTTP/1.1" 200 34 "-" "python-requests/2.19.1"
172.22.0.22 - - [20/Oct/2018:23:43:58 +0000] "POST /admin/item HTTP/1.1" 200 34 "-" "python-requests/2.19.1"
172.22.0.22 - - [20/Oct/2018:23:43:58 +0000] "POST /admin/item HTTP/1.1" 200 34 "-" "python-requests/2.19.1"
172.22.0.22 - - [20/Oct/2018:23:43:59 +0000] "POST /admin/item HTTP/1.1" 200 34 "-" "python-requests/2.19.1"
172.22.0.22 - - [20/Oct/2018:23:43:59 +0000] "POST /admin/item HTTP/1.1" 200 34 "-" "python-requests/2.19.1"
172.22.0.22 - - [20/Oct/2018:23:43:59 +0000] "POST /admin/item HTTP/1.1" 200 34 "-" "python-requests/2.19.1"
172.22.0.22 - - [20/Oct/2018:23:43:59 +0000] "POST /admin/item HTTP/1.1" 200 34 "-" "python-requests/2.19.1"
172.22.0.22 - - [20/Oct/2018:23:44:00 +0000] "POST /admin/item HTTP/1.1" 200 34 "-" "python-requests/2.19.1"
172.22.0.22 - - [20/Oct/2018:23:44:00 +0000] "GET /admin/disaster HTTP/1.1" 200 2630 "-" "python-requests/2.19.1"
172.22.0.22 - - [20/Oct/2018:23:44:03 +0000] "GET /admin/item HTTP/1.1" 200 11879 "-" "python-requests/2.19.1"
172.22.0.22 - - [20/Oct/2018:23:44:03 +0000] "POST /admin/item HTTP/1.1" 200 34 "-" "python-requests/2.19.1"
172.22.0.22 - - [20/Oct/2018:23:44:03 +0000] "POST /admin/item HTTP/1.1" 200 34 "-" "python-requests/2.19.1"
172.22.0.22 - - [20/Oct/2018:23:44:03 +0000] "POST /admin/item HTTP/1.1" 200 34 "-" "python-requests/2.19.1"
172.22.0.22 - - [20/Oct/2018:23:44:04 +0000] "POST /admin/item HTTP/1.1" 200 34 "-" "python-requests/2.19.1"
172.22.0.22 - - [20/Oct/2018:23:44:04 +0000] "POST /admin/item HTTP/1.1" 200 34 "-" "python-requests/2.19.1"
172.22.0.22 - - [20/Oct/2018:23:44:04 +0000] "POST /admin/item HTTP/1.1" 200 34 "-" "python-requests/2.19.1"
172.22.0.22 - - [20/Oct/2018:23:44:05 +0000] "POST /admin/item HTTP/1.1" 200 34 "-" "python-requests/2.19.1"
172.22.0.22 - - [20/Oct/2018:23:44:05 +0000] "POST /admin/item HTTP/1.1" 200 34 "-" "python-requests/2.19.1"
172.22.0.22 - - [20/Oct/2018:23:44:05 +0000] "POST /admin/item HTTP/1.1" 200 34 "-" "python-requests/2.19.1"
172.22.0.22 - - [20/Oct/2018:23:44:06 +0000] "POST /admin/item HTTP/1.1" 200 34 "-" "python-requests/2.19.1"
172.22.0.22 - - [20/Oct/2018:23:44:06 +0000] "POST /admin/item HTTP/1.1" 200 34 "-" "python-requests/2.19.1"
172.22.0.22 - - [20/Oct/2018:23:44:07 +0000] "POST /admin/item HTTP/1.1" 200 34 "-" "python-requests/2.19.1"
172.22.0.22 - - [20/Oct/2018:23:44:07 +0000] "POST /admin/item HTTP/1.1" 200 34 "-" "python-requests/2.19.1"
172.22.0.22 - - [20/Oct/2018:23:44:07 +0000] "POST /admin/item HTTP/1.1" 200 34 "-" "python-requests/2.19.1"
172.22.0.22 - - [20/Oct/2018:23:44:08 +0000] "POST /admin/item HTTP/1.1" 200 34 "-" "python-requests/2.19.1"
172.22.0.22 - - [20/Oct/2018:23:44:08 +0000] "POST /admin/item HTTP/1.1" 200 34 "-" "python-requests/2.19.1"
172.22.0.37 - - [20/Oct/2018:23:44:08 +0000] "GET /disasterform HTTP/1.1" 200 2956 "-" "Mozilla/5.0 (X11; Linux x86_64) AppleWebKit/537.36 (KHTML, like Gecko) Chrome/69.0.3497.92 Safari/537.36"
172.22.0.22 - - [20/Oct/2018:23:44:09 +0000] "POST /admin/item HTTP/1.1" 200 34 "-" "python-requests/2.19.1"
172.22.0.22 - - [20/Oct/2018:23:44:09 +0000] "POST /admin/item HTTP/1.1" 200 34 "-" "python-requests/2.19.1"
172.22.0.22 - - [20/Oct/2018:23:44:10 +0000] "POST /admin/item HTTP/1.1" 200 34 "-" "python-requests/2.19.1"
172.22.0.22 - - [20/Oct/2018:23:44:10 +0000] "POST /admin/item HTTP/1.1" 200 34 "-" "python-requests/2.19.1"
172.22.0.22 - - [20/Oct/2018:23:44:11 +0000] "POST /admin/item HTTP/1.1" 200 34 "-" "python-requests/2.19.1"
172.22.0.22 - - [20/Oct/2018:23:44:11 +0000] "POST /admin/item HTTP/1.1" 200 34 "-" "python-requests/2.19.1"
172.22.0.22 - - [20/Oct/2018:23:44:12 +0000] "POST /admin/item HTTP/1.1" 200 34 "-" "python-requests/2.19.1"
172.22.0.22 - - [20/Oct/2018:23:44:12 +0000] "POST /admin/item HTTP/1.1" 200 34 "-" "python-requests/2.19.1"
172.22.0.22 - - [20/Oct/2018:23:44:12 +0000] "POST /admin/item HTTP/1.1" 200 34 "-" "python-requests/2.19.1"
172.22.0.22 - - [20/Oct/2018:23:44:13 +0000] "POST /admin/item HTTP/1.1" 200 34 "-" "python-requests/2.19.1"
172.22.0.22 - - [20/Oct/2018:23:44:13 +0000] "POST /admin/item HTTP/1.1" 200 34 "-" "python-requests/2.19.1"
172.22.0.22 - - [20/Oct/2018:23:44:13 +0000] "POST /admin/item HTTP/1.1" 200 34 "-" "python-requests/2.19.1"
172.22.0.22 - - [20/Oct/2018:23:44:14 +0000] "POST /admin/item HTTP/1.1" 200 34 "-" "python-requests/2.19.1"
172.22.0.22 - - [20/Oct/2018:23:44:15 +0000] "POST /admin/item HTTP/1.1" 200 34 "-" "python-requests/2.19.1"
172.22.0.22 - - [20/Oct/2018:23:44:15 +0000] "POST /admin/item HTTP/1.1" 200 34 "-" "python-requests/2.19.1"
172.22.0.22 - - [20/Oct/2018:23:44:16 +0000] "POST /admin/item HTTP/1.1" 200 34 "-" "python-requests/2.19.1"
172.22.0.22 - - [20/Oct/2018:23:44:16 +0000] "POST /admin/item HTTP/1.1" 200 34 "-" "python-requests/2.19.1"
172.22.0.22 - - [20/Oct/2018:23:44:17 +0000] "POST /admin/item HTTP/1.1" 200 34 "-" "python-requests/2.19.1"
172.22.0.22 - - [20/Oct/2018:23:44:17 +0000] "POST /admin/item HTTP/1.1" 200 34 "-" "python-requests/2.19.1"
172.22.0.22 - - [20/Oct/2018:23:44:17 +0000] "POST /admin/item HTTP/1.1" 200 34 "-" "python-requests/2.19.1"
172.22.0.22 - - [20/Oct/2018:23:44:18 +0000] "POST /admin/item HTTP/1.1" 200 34 "-" "python-requests/2.19.1"
172.22.0.22 - - [20/Oct/2018:23:44:18 +0000] "POST /admin/item HTTP/1.1" 200 34 "-" "python-requests/2.19.1"
172.22.0.22 - - [20/Oct/2018:23:44:19 +0000] "POST /admin/item HTTP/1.1" 200 34 "-" "python-requests/2.19.1"
172.22.0.22 - - [20/Oct/2018:23:44:19 +0000] "POST /admin/item HTTP/1.1" 200 34 "-" "python-requests/2.19.1"
172.22.0.22 - - [20/Oct/2018:23:44:19 +0000] "POST /admin/item HTTP/1.1" 200 34 "-" "python-requests/2.19.1"
172.22.0.22 - - [20/Oct/2018:23:44:19 +0000] "POST /admin/item HTTP/1.1" 200 34 "-" "python-requests/2.19.1"
172.22.0.22 - - [20/Oct/2018:23:44:20 +0000] "POST /admin/item HTTP/1.1" 200 34 "-" "python-requests/2.19.1"
172.22.0.22 - - [20/Oct/2018:23:44:20 +0000] "POST /admin/item HTTP/1.1" 200 34 "-" "python-requests/2.19.1"
172.22.0.22 - - [20/Oct/2018:23:44:21 +0000] "POST /admin/item HTTP/1.1" 200 34 "-" "python-requests/2.19.1"
172.22.0.22 - - [20/Oct/2018:23:44:21 +0000] "POST /admin/item HTTP/1.1" 200 34 "-" "python-requests/2.19.1"
172.22.0.22 - - [20/Oct/2018:23:44:21 +0000] "POST /admin/item HTTP/1.1" 200 34 "-" "python-requests/2.19.1"
